93.4.63.78 - - [07/Feb/2016:10:29:14 -0800] "GET /wp-content/plugins/disqus-comment-system/media/js/count.js?ver=4.1.1 HTTP/1.1" 200 776 "http://techmeup.co/trouver-un-job-tech-a-san-francisco-ou-dans-la/" "Mozilla/5.0 (Macintosh; Intel Mac OS X 10_6_8) AppleWebKit/534.59.10 (KHTML, like Gecko) Version/5.1.9 Safari/534.59.10"
93.4.63.78 - - [07/Feb/2016:10:29:14 -0800] "GET /wp-content/themes/great/images/linkedin.png HTTP/1.1" 200 4391 "http://techmeup.co/trouver-un-job-tech-a-san-francisco-ou-dans-la/" "Mozilla/5.0 (Macintosh; Intel Mac OS X 10_6_8) AppleWebKit/534.59.10 (KHTML, like Gecko) Version/5.1.9 Safari/534.59.10"
93.4.63.78 - - [07/Feb/2016:10:29:14 -0800] "POST /wp-admin/admin-ajax.php HTTP/1.1" 200 593 "http://techmeup.co/trouver-un-job-tech-a-san-francisco-ou-dans-la/" "Mozilla/5.0 (Macintosh; Intel Mac OS X 10_6_8) AppleWebKit/534.59.10 (KHTML, like Gecko) Version/5.1.9 Safari/534.59.10"
93.4.63.78 - - [07/Feb/2016:10:29:23 -0800] "GET /wordpress/wp-content/uploads/2015/02/favico.png HTTP/1.1" 200 987 "http://techmeup.co/trouver-un-job-tech-a-san-francisco-ou-dans-la/" "Mozilla/5.0 (Macintosh; Intel Mac OS X 10_6_8) AppleWebKit/534.59.10 (KHTML, like Gecko) Version/5.1.9 Safari/534.59.10"
82.64.43.181 - - [07/Feb/2016:10:31:48 -0800] "GET /wp-content/themes/great/style.css HTTP/1.1" 200 7663 "http://techmeup.co/trouver-un-job-tech-a-san-francisco-ou-dans-la/" "Mozilla/5.0 (Windows NT 6.1; WOW64; Trident/7.0; rv:11.0) like Gecko"
82.64.43.181 - - [07/Feb/2016:10:31:48 -0800] "GET /wp-content/plugins/hupso-share-buttons-for-twitter-facebook-google/style.css?ver=4.1.1 HTTP/1.1" 200 416 "http://techmeup.co/trouver-un-job-tech-a-san-francisco-ou-dans-la/" "Mozilla/5.0 (Windows NT 6.1; WOW64; Trident/7.0; rv:11.0) like Gecko"
82.64.43.181 - - [07/Feb/2016:10:31:48 -0800] "GET /wp-includes/js/jquery/jquery-migrate.min.js?ver=1.2.1 HTTP/1.1" 200 3421 "http://techmeup.co/trouver-un-job-tech-a-san-francisco-ou-dans-la/" "Mozilla/5.0 (Windows NT 6.1; WOW64; Trident/7.0; rv:11.0) like Gecko"
82.64.43.181 - - [07/Feb/2016:10:31:48 -0800] "GET /wp-includes/js/comment-reply.min.js?ver=4.1.1 HTTP/1.1" 200 757 "http://techmeup.co/trouver-un-job-tech-a-san-francisco-ou-dans-la/" "Mozilla/5.0 (Windows NT 6.1; WOW64; Trident/7.0; rv:11.0) like Gecko"
82.64.43.181 - - [07/Feb/2016:10:31:48 -0800] "GET /wordpress/wp-content/uploads/2015/02/logo-text1.png HTTP/1.1" 200 5144 "http://techmeup.co/trouver-un-job-tech-a-san-francisco-ou-dans-la/" "Mozilla/5.0 (Windows NT 6.1; WOW64; Trident/7.0; rv:11.0) like Gecko"
82.64.43.181 - - [07/Feb/2016:10:31:49 -0800] "GET /wp-content/themes/great/images/twitter.png HTTP/1.1" 200 4482 "http://techmeup.co/trouver-un-job-tech-a-san-francisco-ou-dans-la/" "Mozilla/5.0 (Windows NT 6.1; WOW64; Trident/7.0; rv:11.0) like Gecko"
82.64.43.181 - - [07/Feb/2016:10:31:49 -0800] "POST /wp-admin/admin-ajax.php HTTP/1.1" 200 503 "http://techmeup.co/trouver-un-job-tech-a-san-francisco-ou-dans-la/" "Mozilla/5.0 (Windows NT 6.1; WOW64; Trident/7.0; rv:11.0) like Gecko"
82.64.43.181 - - [07/Feb/2016:10:32:11 -0800] "GET /wordpress/wp-content/uploads/2015/02/favico.png HTTP/1.1" 200 987 "-" "Mozilla/5.0 (Windows NT 6.1; Win64; x64; Trident/7.0; rv:11.0) like Gecko"
86.249.233.236 - - [07/Feb/2016:10:34:09 -0800] "GET /wp-content/plugins/wp-shortcode/css/wp-shortcode.css?ver=4.1.1 HTTP/1.1" 200 2049 "http://techmeup.co/alexei-chemenda-toujours-etudiant-et-deja/" "Mozilla/5.0 (iPad; CPU OS 9_2_1 like Mac OS X) AppleWebKit/601.1.46 (KHTML, like Gecko) Version/9.0 Mobile/13D15 Safari/601.1"
86.249.233.236 - - [07/Feb/2016:10:34:10 -0800] "GET /wp-content/plugins/wp-shortcode/js/wp-shortcode.js?ver=4.1.1 HTTP/1.1" 200 831 "http://techmeup.co/alexei-chemenda-toujours-etudiant-et-deja/" "Mozilla/5.0 (iPad; CPU OS 9_2_1 like Mac OS X) AppleWebKit/601.1.46 (KHTML, like Gecko) Version/9.0 Mobile/13D15 Safari/601.1"
86.249.233.236 - - [07/Feb/2016:10:34:10 -0800] "GET /wp-content/themes/great/js/customscript.js HTTP/1.1" 200 3601 "http://techmeup.co/alexei-chemenda-toujours-etudiant-et-deja/" "Mozilla/5.0 (iPad; CPU OS 9_2_1 like Mac OS X) AppleWebKit/601.1.46 (KHTML, like Gecko) Version/9.0 Mobile/13D15 Safari/601.1"
86.249.233.236 - - [07/Feb/2016:10:34:10 -0800] "GET /wp-content/uploads/2014/11/tumblr_inline_negm7m1xwx1sygmpd-50x50.jpg HTTP/1.1" 200 1740 "http://techmeup.co/alexei-chemenda-toujours-etudiant-et-deja/" "Mozilla/5.0 (iPad; CPU OS 9_2_1 like Mac OS X) AppleWebKit/601.1.46 (KHTML, like Gecko) Version/9.0 Mobile/13D15 Safari/601.1"
86.249.233.236 - - [07/Feb/2016:10:34:10 -0800] "GET /wp-content/themes/great/images/twitter.png HTTP/1.1" 200 4482 "http://techmeup.co/alexei-chemenda-toujours-etudiant-et-deja/" "Mozilla/5.0 (iPad; CPU OS 9_2_1 like Mac OS X) AppleWebKit/601.1.46 (KHTML, like Gecko) Version/9.0 Mobile/13D15 Safari/601.1"
86.249.233.236 - - [07/Feb/2016:10:34:10 -0800] "GET /wp-content/themes/great/images/search.png HTTP/1.1" 200 1683 "http://techmeup.co/alexei-chemenda-toujours-etudiant-et-deja/" "Mozilla/5.0 (iPad; CPU OS 9_2_1 like Mac OS X) AppleWebKit/601.1.46 (KHTML, like Gecko) Version/9.0 Mobile/13D15 Safari/601.1"
37.174.205.227 - - [07/Feb/2016:10:34:25 -0800] "GET /wp-content/themes/great/style.css HTTP/1.1" 200 7663 "http://techmeup.co/trouver-un-job-tech-a-san-francisco-ou-dans-la/" "Mozilla/5.0 (iPhone; CPU iPhone OS 9_2_1 like Mac OS X) AppleWebKit/601.1.46 (KHTML, like Gecko) Version/9.0 Mobile/13D15 Safari/601.1"
37.174.205.227 - - [07/Feb/2016:10:34:26 -0800] "GET /wp-content/plugins/wp-shortcode/css/tipsy.css?ver=4.1.1 HTTP/1.1" 200 867 "http://techmeup.co/trouver-un-job-tech-a-san-francisco-ou-dans-la/" "Mozilla/5.0 (iPhone; CPU iPhone OS 9_2_1 like Mac OS X) AppleWebKit/601.1.46 (KHTML, like Gecko) Version/9.0 Mobile/13D15 Safari/601.1"
37.174.205.227 - - [07/Feb/2016:10:34:26 -0800] "GET /wp-content/plugins/wp-shortcode/css/wp-shortcode.css?ver=4.1.1 HTTP/1.1" 200 2050 "http://techmeup.co/trouver-un-job-tech-a-san-francisco-ou-dans-la/" "Mozilla/5.0 (iPhone; CPU iPhone OS 9_2_1 like Mac OS X) AppleWebKit/601.1.46 (KHTML, like Gecko) Version/9.0 Mobile/13D15 Safari/601.1"
37.174.205.227 - - [07/Feb/2016:10:34:26 -0800] "GET /wordpress/wp-content/uploads/2015/02/logo-text1.png HTTP/1.1" 200 5144 "http://techmeup.co/trouver-un-job-tech-a-san-francisco-ou-dans-la/" "Mozilla/5.0 (iPhone; CPU iPhone OS 9_2_1 like Mac OS X) AppleWebKit/601.1.46 (KHTML, like Gecko) Version/9.0 Mobile/13D15 Safari/601.1"
37.174.205.227 - - [07/Feb/2016:10:34:26 -0800] "GET /wp-content/plugins/disqus-comment-system/media/js/count.js?ver=4.1.1 HTTP/1.1" 200 776 "http://techmeup.co/trouver-un-job-tech-a-san-francisco-ou-dans-la/" "Mozilla/5.0 (iPhone; CPU iPhone OS 9_2_1 like Mac OS X) AppleWebKit/601.1.46 (KHTML, like Gecko) Version/9.0 Mobile/13D15 Safari/601.1"
37.174.205.227 - - [07/Feb/2016:10:34:31 -0800] "GET /wp-content/themes/great/images/linkedin.png HTTP/1.1" 200 4390 "http://techmeup.co/trouver-un-job-tech-a-san-francisco-ou-dans-la/" "Mozilla/5.0 (iPhone; CPU iPhone OS 9_2_1 like Mac OS X) AppleWebKit/601.1.46 (KHTML, like Gecko) Version/9.0 Mobile/13D15 Safari/601.1"
37.174.205.227 - - [07/Feb/2016:10:35:21 -0800] "GET /trouver-un-job-tech-a-san-francisco-ou-dans-la/?cf_action=sync_comments&post_id=30 HTTP/1.1" 200 309 "http://techmeup.co/trouver-un-job-tech-a-san-francisco-ou-dans-la/" "Mozilla/5.0 (iPhone; CPU iPhone OS 9_2_1 like Mac OS X) AppleWebKit/601.1.46 (KHTML, like Gecko) Version/9.0 Mobile/13D15 Safari/601.1"
86.246.217.7 - - [07/Feb/2016:10:36:50 -0800] "GET /feed/ HTTP/1.1" 304 219 "-" "Mozilla/5.0 Vienna/3.0.9"
95.157.148.31 - - [07/Feb/2016:10:39:04 -0800] "GET /wp-content/plugins/hupso-share-buttons-for-twitter-facebook-google/style.css?ver=4.1.1 HTTP/1.1" 200 416 "http://techmeup.co/trouver-un-job-tech-a-san-francisco-ou-dans-la/" "Mozilla/5.0 (Linux; Android 4.4.2; LG-V500 Build/KOT49I.V50020f) AppleWebKit/537.36 (KHTML, like Gecko) Chrome/48.0.2564.95 Safari/537.36"
95.157.148.31 - - [07/Feb/2016:10:39:04 -0800] "GET /wp-content/themes/great/js/modernizr.min.js HTTP/1.1" 200 6229 "http://techmeup.co/trouver-un-job-tech-a-san-francisco-ou-dans-la/" "Mozilla/5.0 (Linux; Android 4.4.2; LG-V500 Build/KOT49I.V50020f) AppleWebKit/537.36 (KHTML, like Gecko) Chrome/48.0.2564.95 Safari/537.36"
95.157.148.31 - - [07/Feb/2016:10:39:04 -0800] "GET /wp-includes/js/jquery/jquery.js?ver=1.11.1 HTTP/1.1" 200 33586 "http://techmeup.co/trouver-un-job-tech-a-san-francisco-ou-dans-la/" "Mozilla/5.0 (Linux; Android 4.4.2; LG-V500 Build/KOT49I.V50020f) AppleWebKit/537.36 (KHTML, like Gecko) Chrome/48.0.2564.95 Safari/537.36"
95.157.148.31 - - [07/Feb/2016:10:39:04 -0800] "GET /wp-content/plugins/easy-twitter-feed-widget/lib/js/widget-easy-twitter-feed-widget.js?ver=1.0 HTTP/1.1" 200 663 "http://techmeup.co/trouver-un-job-tech-a-san-francisco-ou-dans-la/" "Mozilla/5.0 (Linux; Android 4.4.2; LG-V500 Build/KOT49I.V50020f) AppleWebKit/537.36 (KHTML, like Gecko) Chrome/48.0.2564.95 Safari/537.36"
95.157.148.31 - - [07/Feb/2016:10:39:04 -0800] "GET /wp-content/uploads/2015/01/tumblr_inline_niqsunAsTl1spe2e11-50x50.jpg HTTP/1.1" 200 2747 "http://techmeup.co/trouver-un-job-tech-a-san-francisco-ou-dans-la/" "Mozilla/5.0 (Linux; Android 4.4.2; LG-V500 Build/KOT49I.V50020f) AppleWebKit/537.36 (KHTML, like Gecko) Chrome/48.0.2564.95 Safari/537.36"
95.157.148.31 - - [07/Feb/2016:10:39:05 -0800] "GET /wp-content/themes/great/images/linkedin.png HTTP/1.1" 200 4390 "http://techmeup.co/wp-content/themes/great/style.css" "Mozilla/5.0 (Linux; Android 4.4.2; LG-V500 Build/KOT49I.V50020f) AppleWebKit/537.36 (KHTML, like Gecko) Chrome/48.0.2564.95 Safari/537.36"
95.157.148.31 - - [07/Feb/2016:10:39:15 -0800] "GET /wordpress/wp-content/uploads/2015/02/favico.png HTTP/1.1" 200 987 "http://techmeup.co/trouver-un-job-tech-a-san-francisco-ou-dans-la/" "Mozilla/5.0 (Linux; Android 4.4.2; LG-V500 Build/KOT49I.V50020f) AppleWebKit/537.36 (KHTML, like Gecko) Chrome/48.0.2564.95 Safari/537.36"
62.210.250.66 - - [07/Feb/2016:10:40:29 -0800] "POST /xmlrpc.php HTTP/1.1" 200 433 "http://hnwatcher.com/" "Mozilla/5.0 (Windows NT 10.0; WOW64) AppleWebKit/537.36 (KHTML, like Gecko) Chrome/46.0.2490.86 Safari/537.36"
86.202.238.245 - - [07/Feb/2016:10:44:08 -0800] "GET /trouver-un-job-tech-a-san-francisco-ou-dans-la/ HTTP/1.1" 200 15543 "https://www.google.fr/" "Mozilla/5.0 (X11; Linux x86_64) AppleWebKit/537.36 (KHTML, like Gecko) Chrome/37.0.2062.120 Safari/537.36"
176.182.45.208 - - [07/Feb/2016:10:44:07 -0800] "GET /trouver-un-job-tech-a-san-francisco-ou-dans-la/ HTTP/1.1" 200 15518 "https://www.google.fr/" "Mozilla/5.0 (Macintosh; Intel Mac OS X 10_11_3) AppleWebKit/601.4.4 (KHTML, like Gecko) Version/9.0.3 Safari/601.4.4"
86.202.238.245 - - [07/Feb/2016:10:44:08 -0800] "GET /wp-content/themes/great/js/customscript.js HTTP/1.1" 200 3600 "http://techmeup.co/trouver-un-job-tech-a-san-francisco-ou-dans-la/" "Mozilla/5.0 (X11; Linux x86_64) AppleWebKit/537.36 (KHTML, like Gecko) Chrome/37.0.2062.120 Safari/537.36"
176.182.45.208 - - [07/Feb/2016:10:44:08 -0800] "GET /wp-content/plugins/easy-twitter-feed-widget/easy-twitter-feed-widget.css?ver=4.1.1 HTTP/1.1" 200 505 "http://techmeup.co/trouver-un-job-tech-a-san-francisco-ou-dans-la/" "Mozilla/5.0 (Macintosh; Intel Mac OS X 10_11_3) AppleWebKit/601.4.4 (KHTML, like Gecko) Version/9.0.3 Safari/601.4.4"
176.182.45.208 - - [07/Feb/2016:10:44:09 -0800] "GET /wp-content/plugins/wp-shortcode/js/wp-shortcode.js?ver=4.1.1 HTTP/1.1" 200 831 "http://techmeup.co/trouver-un-job-tech-a-san-francisco-ou-dans-la/" "Mozilla/5.0 (Macintosh; Intel Mac OS X 10_11_3) AppleWebKit/601.4.4 (KHTML, like Gecko) Version/9.0.3 Safari/601.4.4"
176.182.45.208 - - [07/Feb/2016:10:44:09 -0800] "GET /wp-content/plugins/disqus-comment-system/media/js/count.js?ver=4.1.1 HTTP/1.1" 200 776 "http://techmeup.co/trouver-un-job-tech-a-san-francisco-ou-dans-la/" "Mozilla/5.0 (Macintosh; Intel Mac OS X 10_11_3) AppleWebKit/601.4.4 (KHTML, like Gecko) Version/9.0.3 Safari/601.4.4"
86.202.238.245 - - [07/Feb/2016:10:44:09 -0800] "GET /wp-includes/js/jquery/jquery.js?ver=1.11.1 HTTP/1.1" 200 33586 "http://techmeup.co/trouver-un-job-tech-a-san-francisco-ou-dans-la/" "Mozilla/5.0 (X11; Linux x86_64) AppleWebKit/537.36 (KHTML, like Gecko) Chrome/37.0.2062.120 Safari/537.36"
86.202.238.245 - - [07/Feb/2016:10:44:09 -0800] "GET /wp-content/plugins/disqus-comment-system/media/js/disqus.js?ver=4.1.1 HTTP/1.1" 200 1101 "http://techmeup.co/trouver-un-job-tech-a-san-francisco-ou-dans-la/" "Mozilla/5.0 (X11; Linux x86_64) AppleWebKit/537.36 (KHTML, like Gecko) Chrome/37.0.2062.120 Safari/537.36"
176.182.45.208 - - [07/Feb/2016:10:44:10 -0800] "GET /wp-content/themes/great/style.css HTTP/1.1" 200 7663 "http://techmeup.co/trouver-un-job-tech-a-san-francisco-ou-dans-la/" "Mozilla/5.0 (Macintosh; Intel Mac OS X 10_11_3) AppleWebKit/601.4.4 (KHTML, like Gecko) Version/9.0.3 Safari/601.4.4"
176.182.45.208 - - [07/Feb/2016:10:44:10 -0800] "GET /wp-content/themes/great/images/facebook.png HTTP/1.1" 200 4285 "http://techmeup.co/trouver-un-job-tech-a-san-francisco-ou-dans-la/" "Mozilla/5.0 (Macintosh; Intel Mac OS X 10_11_3) AppleWebKit/601.4.4 (KHTML, like Gecko) Version/9.0.3 Safari/601.4.4"
176.182.45.208 - - [07/Feb/2016:10:44:10 -0800] "GET /wp-content/uploads/2014/09/logo-transparent-horizontal-1024x482.png HTTP/1.1" 200 334990 "http://techmeup.co/trouver-un-job-tech-a-san-francisco-ou-dans-la/" "Mozilla/5.0 (Macintosh; Intel Mac OS X 10_11_3) AppleWebKit/601.4.4 (KHTML, like Gecko) Version/9.0.3 Safari/601.4.4"
86.202.238.245 - - [07/Feb/2016:10:44:11 -0800] "GET /wp-content/themes/great/images/facebook.png HTTP/1.1" 200 4285 "http://techmeup.co/wp-content/themes/great/style.css" "Mozilla/5.0 (X11; Linux x86_64) AppleWebKit/537.36 (KHTML, like Gecko) Chrome/37.0.2062.120 Safari/537.36"
176.182.45.208 - - [07/Feb/2016:10:44:11 -0800] "GET /wordpress/wp-content/uploads/2015/02/logo-text1.png HTTP/1.1" 200 5144 "http://techmeup.co/trouver-un-job-tech-a-san-francisco-ou-dans-la/" "Mozilla/5.0 (Macintosh; Intel Mac OS X 10_11_3) AppleWebKit/601.4.4 (KHTML, like Gecko) Version/9.0.3 Safari/601.4.4"
176.182.45.208 - - [07/Feb/2016:10:44:12 -0800] "GET /trouver-un-job-tech-a-san-francisco-ou-dans-la/?cf_action=sync_comments&post_id=30 HTTP/1.1" 200 308 "http://techmeup.co/trouver-un-job-tech-a-san-francisco-ou-dans-la/" "Mozilla/5.0 (Macintosh; Intel Mac OS X 10_11_3) AppleWebKit/601.4.4 (KHTML, like Gecko) Version/9.0.3 Safari/601.4.4"
62.210.250.66 - - [07/Feb/2016:10:44:51 -0800] "POST /xmlrpc.php HTTP/1.1" 200 433 "http://hnwatcher.com/" "Mozilla/5.0 (Windows NT 10.0; WOW64) AppleWebKit/537.36 (KHTML, like Gecko) Chrome/46.0.2490.86 Safari/537.36"
78.226.100.156 - - [07/Feb/2016:10:48:46 -0800] "GET /trouver-un-job-tech-a-san-francisco-ou-dans-la/ HTTP/1.1" 200 15536 "https://www.google.fr/" "Mozilla/5.0 (iPhone; CPU iPhone OS 9_2_1 like Mac OS X) AppleWebKit/601.1.46 (KHTML, like Gecko) Version/9.0 Mobile/13D15 Safari/601.1"
78.226.100.156 - - [07/Feb/2016:10:48:47 -0800] "GET /wp-includes/js/jquery/jquery-migrate.min.js?ver=1.2.1 HTTP/1.1" 200 3421 "http://techmeup.co/trouver-un-job-tech-a-san-francisco-ou-dans-la/" "Mozilla/5.0 (iPhone; CPU iPhone OS 9_2_1 like Mac OS X) AppleWebKit/601.1.46 (KHTML, like Gecko) Version/9.0 Mobile/13D15 Safari/601.1"
78.226.100.156 - - [07/Feb/2016:10:48:47 -0800] "GET /wp-includes/js/comment-reply.min.js?ver=4.1.1 HTTP/1.1" 200 757 "http://techmeup.co/trouver-un-job-tech-a-san-francisco-ou-dans-la/" "Mozilla/5.0 (iPhone; CPU iPhone OS 9_2_1 like Mac OS X) AppleWebKit/601.1.46 (KHTML, like Gecko) Version/9.0 Mobile/13D15 Safari/601.1"
78.226.100.156 - - [07/Feb/2016:10:48:47 -0800] "GET /wp-content/plugins/disqus-comment-system/media/js/count.js?ver=4.1.1 HTTP/1.1" 200 776 "http://techmeup.co/trouver-un-job-tech-a-san-francisco-ou-dans-la/" "Mozilla/5.0 (iPhone; CPU iPhone OS 9_2_1 like Mac OS X) AppleWebKit/601.1.46 (KHTML, like Gecko) Version/9.0 Mobile/13D15 Safari/601.1"
199.16.156.126 - - [07/Feb/2016:10:48:46 -0800] "GET /robots.txt HTTP/1.1" 200 367 "-" "Twitterbot/1.0"
78.226.100.156 - - [07/Feb/2016:10:48:47 -0800] "GET /wp-content/themes/great/images/twitter.png HTTP/1.1" 200 4482 "http://techmeup.co/trouver-un-job-tech-a-san-francisco-ou-dans-la/" "Mozilla/5.0 (iPhone; CPU iPhone OS 9_2_1 like Mac OS X) AppleWebKit/601.1.46 (KHTML, like Gecko) Version/9.0 Mobile/13D15 Safari/601.1"
199.16.156.126 - - [07/Feb/2016:10:48:47 -0800] "GET /post/104056058258/les-geeks-les-vengeurs-masques-du-21eme-siecle HTTP/1.1" 301 310 "-" "Twitterbot/1.0"
199.16.156.126 - - [07/Feb/2016:10:48:49 -0800] "GET /les-geeks-les-vengeurs-masques-du-21eme-siecle HTTP/1.1" 404 4816 "-" "Twitterbot/1.0"
195.81.235.66 - - [07/Feb/2016:10:50:08 -0800] "GET /trouver-un-job-tech-a-san-francisco-ou-dans-la/ HTTP/1.1" 200 15572 "https://www.google.fr" "Mozilla/5.0 (Windows NT 6.1; WOW64; rv:43.0) Gecko/20100101 Firefox/43.0"
195.81.235.66 - - [07/Feb/2016:10:50:09 -0800] "GET /wp-content/plugins/hupso-share-buttons-for-twitter-facebook-google/style.css?ver=4.1.1 HTTP/1.1" 200 415 "http://techmeup.co/trouver-un-job-tech-a-san-francisco-ou-dans-la/" "Mozilla/5.0 (Windows NT 6.1; WOW64; rv:43.0) Gecko/20100101 Firefox/43.0"
195.81.235.66 - - [07/Feb/2016:10:50:09 -0800] "GET /wp-content/plugins/wp-shortcode/css/wp-shortcode.css?ver=4.1.1 HTTP/1.1" 200 2050 "http://techmeup.co/trouver-un-job-tech-a-san-francisco-ou-dans-la/" "Mozilla/5.0 (Windows NT 6.1; WOW64; rv:43.0) Gecko/20100101 Firefox/43.0"
195.81.235.66 - - [07/Feb/2016:10:50:10 -0800] "GET /wp-content/uploads/2014/09/logo-transparent-horizontal-1024x482.png HTTP/1.1" 200 334990 "http://techmeup.co/trouver-un-job-tech-a-san-francisco-ou-dans-la/" "Mozilla/5.0 (Windows NT 6.1; WOW64; rv:43.0) Gecko/20100101 Firefox/43.0"
195.81.235.66 - - [07/Feb/2016:10:50:11 -0800] "GET /wp-content/plugins/disqus-comment-system/media/js/disqus.js?ver=4.1.1 HTTP/1.1" 200 1101 "http://techmeup.co/trouver-un-job-tech-a-san-francisco-ou-dans-la/" "Mozilla/5.0 (Windows NT 6.1; WOW64; rv:43.0) Gecko/20100101 Firefox/43.0"
195.81.235.66 - - [07/Feb/2016:10:50:11 -0800] "GET /wp-content/themes/great/images/facebook.png HTTP/1.1" 200 4285 "http://techmeup.co/wp-content/themes/great/style.css" "Mozilla/5.0 (Windows NT 6.1; WOW64; rv:43.0) Gecko/20100101 Firefox/43.0"
195.81.235.66 - - [07/Feb/2016:10:50:11 -0800] "GET /wp-content/themes/great/images/search.png HTTP/1.1" 200 1683 "http://techmeup.co/wp-content/themes/great/style.css" "Mozilla/5.0 (Windows NT 6.1; WOW64; rv:43.0) Gecko/20100101 Firefox/43.0"
195.81.235.66 - - [07/Feb/2016:10:50:13 -0800] "GET /trouver-un-job-tech-a-san-francisco-ou-dans-la/?cf_action=sync_comments&post_id=30 HTTP/1.1" 200 308 "http://techmeup.co/trouver-un-job-tech-a-san-francisco-ou-dans-la/" "Mozilla/5.0 (Windows NT 6.1; WOW64; rv:43.0) Gecko/20100101 Firefox/43.0"
207.46.13.30 - - [07/Feb/2016:10:54:37 -0800] "GET / HTTP/1.1" 200 7274 "-" "Mozilla/5.0 (compatible; bingbot/2.0; +http://www.bing.com/bingbot.htm)"
78.248.123.50 - - [07/Feb/2016:10:55:08 -0800] "GET /wp-content/uploads/2015/03/1-9mRgHn-sBX_FQuA08m4kdA-1024x755.jpeg HTTP/1.1" 200 97501 "http://hnwatcher.com/silicon-valley/" "Mozilla/5.0 (Windows NT 6.1; WOW64) AppleWebKit/537.36 (KHTML, like Gecko) Chrome/48.0.2564.103 Safari/537.36"
78.248.123.50 - - [07/Feb/2016:10:55:13 -0800] "GET /wp-content/uploads/2015/03/Screenshot-2015-03-13-20.20.39-1024x165.png HTTP/1.1" 200 203836 "http://hnwatcher.com/silicon-valley/" "Mozilla/5.0 (Windows NT 6.1; WOW64) AppleWebKit/537.36 (KHTML, like Gecko) Chrome/48.0.2564.103 Safari/537.36"
62.210.250.66 - - [07/Feb/2016:11:00:25 -0800] "POST /xmlrpc.php HTTP/1.1" 200 433 "http://hnwatcher.com/" "Mozilla/5.0 (Windows NT 10.0; WOW64) AppleWebKit/537.36 (KHTML, like Gecko) Chrome/46.0.2490.86 Safari/537.36"
84.103.122.246 - - [07/Feb/2016:11:01:11 -0800] "GET /wp-content/plugins/hupso-share-buttons-for-twitter-facebook-google/style.css?ver=4.1.1 HTTP/1.1" 200 416 "http://techmeup.co/trouver-un-job-tech-a-san-francisco-ou-dans-la/" "Mozilla/5.0 (Windows NT 10.0; WOW64) AppleWebKit/537.36 (KHTML, like Gecko) Chrome/48.0.2564.103 Safari/537.36"
84.103.122.246 - - [07/Feb/2016:11:01:11 -0800] "GET /wp-content/plugins/wp-shortcode/css/wp-shortcode.css?ver=4.1.1 HTTP/1.1" 200 2050 "http://techmeup.co/trouver-un-job-tech-a-san-francisco-ou-dans-la/" "Mozilla/5.0 (Windows NT 10.0; WOW64) AppleWebKit/537.36 (KHTML, like Gecko) Chrome/48.0.2564.103 Safari/537.36"
84.103.122.246 - - [07/Feb/2016:11:01:12 -0800] "GET /wp-content/plugins/wp-shortcode/js/jquery.tipsy.js?ver=4.1.1 HTTP/1.1" 200 3065 "http://techmeup.co/trouver-un-job-tech-a-san-francisco-ou-dans-la/" "Mozilla/5.0 (Windows NT 10.0; WOW64) AppleWebKit/537.36 (KHTML, like Gecko) Chrome/48.0.2564.103 Safari/537.36"
84.103.122.246 - - [07/Feb/2016:11:01:12 -0800] "GET /wp-content/plugins/disqus-comment-system/media/js/disqus.js?ver=4.1.1 HTTP/1.1" 200 1101 "http://techmeup.co/trouver-un-job-tech-a-san-francisco-ou-dans-la/" "Mozilla/5.0 (Windows NT 10.0; WOW64) AppleWebKit/537.36 (KHTML, like Gecko) Chrome/48.0.2564.103 Safari/537.36"
84.103.122.246 - - [07/Feb/2016:11:01:13 -0800] "GET /wp-content/themes/great/images/facebook.png HTTP/1.1" 200 4285 "http://techmeup.co/wp-content/themes/great/style.css" "Mozilla/5.0 (Windows NT 10.0; WOW64) AppleWebKit/537.36 (KHTML, like Gecko) Chrome/48.0.2564.103 Safari/537.36"
84.103.122.246 - - [07/Feb/2016:11:01:14 -0800] "GET /wp-content/uploads/2014/12/tumblr_inline_nfq2o82z0r1sa6hof-50x50.jpg HTTP/1.1" 200 2106 "http://techmeup.co/trouver-un-job-tech-a-san-francisco-ou-dans-la/" "Mozilla/5.0 (Windows NT 10.0; WOW64) AppleWebKit/537.36 (KHTML, like Gecko) Chrome/48.0.2564.103 Safari/537.36"
84.103.122.246 - - [07/Feb/2016:11:01:18 -0800] "GET /trouver-un-job-tech-a-san-francisco-ou-dans-la/?cf_action=sync_comments&post_id=30 HTTP/1.1" 200 308 "http://techmeup.co/trouver-un-job-tech-a-san-francisco-ou-dans-la/" "Mozilla/5.0 (Windows NT 10.0; WOW64) AppleWebKit/537.36 (KHTML, like Gecko) Chrome/48.0.2564.103 Safari/537.36"
92.149.162.218 - - [07/Feb/2016:11:01:20 -0800] "GET /wp-content/plugins/hupso-share-buttons-for-twitter-facebook-google/style.css?ver=4.1.1 HTTP/1.1" 200 416 "http://techmeup.co/trouver-un-job-tech-a-san-francisco-ou-dans-la/" "Mozilla/5.0 (Linux; U; Android 4.1.2; fr-fr; GT-P5110 Build/JZO54K) AppleWebKit/534.30 (KHTML, like Gecko) Version/4.0 Safari/534.30"
92.149.162.218 - - [07/Feb/2016:11:01:20 -0800] "GET /wp-content/plugins/easy-twitter-feed-widget/easy-twitter-feed-widget.css?ver=4.1.1 HTTP/1.1" 200 504 "http://techmeup.co/trouver-un-job-tech-a-san-francisco-ou-dans-la/" "Mozilla/5.0 (Linux; U; Android 4.1.2; fr-fr; GT-P5110 Build/JZO54K) AppleWebKit/534.30 (KHTML, like Gecko) Version/4.0 Safari/534.30"
92.149.162.218 - - [07/Feb/2016:11:01:20 -0800] "GET /wp-content/plugins/easy-twitter-feed-widget/lib/js/widget-easy-twitter-feed-widget.js?ver=1.0 HTTP/1.1" 200 663 "http://techmeup.co/trouver-un-job-tech-a-san-francisco-ou-dans-la/" "Mozilla/5.0 (Linux; U; Android 4.1.2; fr-fr; GT-P5110 Build/JZO54K) AppleWebKit/534.30 (KHTML, like Gecko) Version/4.0 Safari/534.30"
92.149.162.218 - - [07/Feb/2016:11:01:21 -0800] "GET /wp-content/plugins/disqus-comment-system/media/js/count.js?ver=4.1.1 HTTP/1.1" 200 777 "http://techmeup.co/trouver-un-job-tech-a-san-francisco-ou-dans-la/" "Mozilla/5.0 (Linux; U; Android 4.1.2; fr-fr; GT-P5110 Build/JZO54K) AppleWebKit/534.30 (KHTML, like Gecko) Version/4.0 Safari/534.30"
92.149.162.218 - - [07/Feb/2016:11:01:22 -0800] "GET /wp-content/themes/great/images/search.png HTTP/1.1" 200 1683 "http://techmeup.co/trouver-un-job-tech-a-san-francisco-ou-dans-la/" "Mozilla/5.0 (Linux; U; Android 4.1.2; fr-fr; GT-P5110 Build/JZO54K) AppleWebKit/534.30 (KHTML, like Gecko) Version/4.0 Safari/534.30"
92.149.162.218 - - [07/Feb/2016:11:01:22 -0800] "GET /wp-content/uploads/2014/09/logo-transparent-horizontal-1024x482.png HTTP/1.1" 200 334990 "http://techmeup.co/trouver-un-job-tech-a-san-francisco-ou-dans-la/" "Mozilla/5.0 (Linux; U; Android 4.1.2; fr-fr; GT-P5110 Build/JZO54K) AppleWebKit/534.30 (KHTML, like Gecko) Version/4.0 Safari/534.30"
92.149.162.218 - - [07/Feb/2016:11:01:31 -0800] "GET /wordpress/wp-content/uploads/2015/02/favico.png HTTP/1.1" 200 987 "http://techmeup.co/trouver-un-job-tech-a-san-francisco-ou-dans-la/" "Mozilla/5.0 (Linux; U; Android 4.1.2; fr-fr; GT-P5110 Build/JZO54K) AppleWebKit/534.30 (KHTML, like Gecko) Version/4.0 Safari/534.30"
198.58.102.155 - - [07/Feb/2016:11:05:02 -0800] "GET /rss HTTP/1.1" 304 219 "-" "Superfeedr bot/2.0 http://superfeedr.com - Make your feeds realtime: get in touch - feed-id:138292308"
41.79.217.139 - - [07/Feb/2016:11:05:37 -0800] "GET /wp-content/themes/great/js/customscript.js HTTP/1.1" 200 3601 "http://techmeup.co/trouver-un-job-tech-a-san-francisco-ou-dans-la/" "Mozilla/5.0 (X11; Ubuntu; Linux x86_64; rv:43.0) Gecko/20100101 Firefox/43.0"
41.79.217.139 - - [07/Feb/2016:11:05:37 -0800] "GET /wordpress/wp-content/uploads/2015/02/favico.png HTTP/1.1" 200 987 "-" "Mozilla/5.0 (X11; Ubuntu; Linux x86_64; rv:43.0) Gecko/20100101 Firefox/43.0"
41.79.217.139 - - [07/Feb/2016:11:05:38 -0800] "GET /wp-content/plugins/wp-shortcode/js/wp-shortcode.js?ver=4.1.1 HTTP/1.1" 200 831 "http://techmeup.co/trouver-un-job-tech-a-san-francisco-ou-dans-la/" "Mozilla/5.0 (X11; Ubuntu; Linux x86_64; rv:43.0) Gecko/20100101 Firefox/43.0"
41.79.217.139 - - [07/Feb/2016:11:05:38 -0800] "GET /wp-content/plugins/disqus-comment-system/media/js/disqus.js?ver=4.1.1 HTTP/1.1" 200 1101 "http://techmeup.co/trouver-un-job-tech-a-san-francisco-ou-dans-la/" "Mozilla/5.0 (X11; Ubuntu; Linux x86_64; rv:43.0) Gecko/20100101 Firefox/43.0"
41.79.217.139 - - [07/Feb/2016:11:05:38 -0800] "GET /wordpress/wp-content/uploads/2015/02/logo-text1.png HTTP/1.1" 200 5143 "http://techmeup.co/trouver-un-job-tech-a-san-francisco-ou-dans-la/" "Mozilla/5.0 (X11; Ubuntu; Linux x86_64; rv:43.0) Gecko/20100101 Firefox/43.0"
41.79.217.139 - - [07/Feb/2016:11:05:38 -0800] "GET /wp-content/uploads/2014/09/logo-transparent-horizontal-1024x482.png HTTP/1.1" 200 334990 "http://techmeup.co/trouver-un-job-tech-a-san-francisco-ou-dans-la/" "Mozilla/5.0 (X11; Ubuntu; Linux x86_64; rv:43.0) Gecko/20100101 Firefox/43.0"
62.210.142.23 - jez [07/Feb/2016:11:06:12 -0800] "GET /rss HTTP/1.1" 304 163 "http://jez:lumn0h3D@techmeup.co/rss" "FreshRSS/1.0.0 (Linux; http://freshrss.org) SimplePie/1.4-dev-FreshRSS"
62.210.250.66 - - [07/Feb/2016:11:07:36 -0800] "POST /xmlrpc.php HTTP/1.1" 200 433 "http://hnwatcher.com/" "Mozilla/5.0 (Windows NT 10.0; WOW64) AppleWebKit/537.36 (KHTML, like Gecko) Chrome/46.0.2490.86 Safari/537.36"
80.12.58.108 - - [07/Feb/2016:11:07:50 -0800] "GET /wp-includes/js/jquery/jquery.js?ver=1.11.1 HTTP/1.1" 200 33586 "http://techmeup.co/trouver-un-job-tech-a-san-francisco-ou-dans-la/" "Mozilla/5.0 (iPhone; CPU iPhone OS 8_3 like Mac OS X) AppleWebKit/600.1.4 (KHTML, like Gecko) Version/8.0 Mobile/12F70 Safari/600.1.4"
80.12.58.108 - - [07/Feb/2016:11:07:50 -0800] "GET /wp-content/plugins/wp-shortcode/js/jquery.tipsy.js?ver=4.1.1 HTTP/1.1" 200 3065 "http://techmeup.co/trouver-un-job-tech-a-san-francisco-ou-dans-la/" "Mozilla/5.0 (iPhone; CPU iPhone OS 8_3 like Mac OS X) AppleWebKit/600.1.4 (KHTML, like Gecko) Version/8.0 Mobile/12F70 Safari/600.1.4"
80.12.58.108 - - [07/Feb/2016:11:07:50 -0800] "GET /wp-content/plugins/disqus-comment-system/media/js/count.js?ver=4.1.1 HTTP/1.1" 200 776 "http://techmeup.co/trouver-un-job-tech-a-san-francisco-ou-dans-la/" "Mozilla/5.0 (iPhone; CPU iPhone OS 8_3 like Mac OS X) AppleWebKit/600.1.4 (KHTML, like Gecko) Version/8.0 Mobile/12F70 Safari/600.1.4"
80.12.58.108 - - [07/Feb/2016:11:07:50 -0800] "GET /wp-content/plugins/easy-twitter-feed-widget/easy-twitter-feed-widget.css?ver=4.1.1 HTTP/1.1" 200 505 "http://techmeup.co/trouver-un-job-tech-a-san-francisco-ou-dans-la/" "Mozilla/5.0 (iPhone; CPU iPhone OS 8_3 like Mac OS X) AppleWebKit/600.1.4 (KHTML, like Gecko) Version/8.0 Mobile/12F70 Safari/600.1.4"
80.12.58.108 - - [07/Feb/2016:11:07:50 -0800] "GET /wp-content/uploads/2014/12/tumblr_inline_ngwo89J1MF1r1bjfi-50x50.jpg HTTP/1.1" 200 2412 "http://techmeup.co/trouver-un-job-tech-a-san-francisco-ou-dans-la/" "Mozilla/5.0 (iPhone; CPU iPhone OS 8_3 like Mac OS X) AppleWebKit/600.1.4 (KHTML, like Gecko) Version/8.0 Mobile/12F70 Safari/600.1.4"
80.12.58.108 - - [07/Feb/2016:11:07:50 -0800] "GET /wp-content/themes/great/images/search.png HTTP/1.1" 200 1683 "http://techmeup.co/trouver-un-job-tech-a-san-francisco-ou-dans-la/" "Mozilla/5.0 (iPhone; CPU iPhone OS 8_3 like Mac OS X) AppleWebKit/600.1.4 (KHTML, like Gecko) Version/8.0 Mobile/12F70 Safari/600.1.4"
69.171.230.98 - - [07/Feb/2016:11:09:13 -0800] "GET /wp-content/uploads/2014/09/tumblr_inline_ncaeibjep11spe2e1-300x225.jpg HTTP/1.1" 200 21481 "-" "facebookexternalhit/1.1 (+http://www.facebook.com/externalhit_uatext.php)"
168.63.56.246 - - [07/Feb/2016:11:11:47 -0800] "GET /feed HTTP/1.1" 301 474 "-" "Rome Client (http://tinyurl.com/64t5n) Ver: UNKNOWN"
68.180.228.42 - - [07/Feb/2016:11:15:23 -0800] "GET /post/107320013813/marketing-pour-developpeurs-partie-1 HTTP/1.1" 301 300 "-" "Mozilla/5.0 (compatible; Yahoo! Slurp; http://help.yahoo.com/help/us/ysearch/slurp)"
66.220.156.123 - - [07/Feb/2016:11:16:10 -0800] "GET /wp-content/uploads/2015/02/3152875867_148b09f57d_z-300x225.jpg HTTP/1.1" 200 9569 "-" "facebookexternalhit/1.1 (+http://www.facebook.com/externalhit_uatext.php)"
69.171.230.117 - - [07/Feb/2016:11:16:10 -0800] "GET /wp-content/uploads/2015/03/Mathilde-le-Rouzic-Quaelead-200x300.jpg HTTP/1.1" 200 16096 "-" "facebookexternalhit/1.1 (+http://www.facebook.com/externalhit_uatext.php)"
50.116.28.209 - - [07/Feb/2016:11:22:27 -0800] "GET /rss HTTP/1.1" 304 219 "-" "Superfeedr bot/2.0 http://superfeedr.com - Make your feeds realtime: get in touch - feed-id:138292308"
178.255.215.65 - - [07/Feb/2016:11:24:25 -0800] "GET /marketing-pour-developpeurs-partie-1/feed/ HTTP/1.1" 200 884 "-" "Mozilla/5.0 (compatible; Exabot/3.0; +http://www.exabot.com/go/robot)"
98.109.81.194 - - [07/Feb/2016:11:30:58 -0800] "GET /wp-content/themes/great/style.css HTTP/1.1" 200 7662 "http://techmeup.co/du-travail-pour-les-epoux-epouses-dimmigres-tech-aux-us/" "Mozilla/5.0 (Linux; U; Android 4.3; fr-fr; SGH-T999 Build/JSS15J) AppleWebKit/534.30 (KHTML, like Gecko) Version/4.0 Mobile Safari/534.30"
98.109.81.194 - - [07/Feb/2016:11:30:58 -0800] "GET /wp-content/plugins/easy-twitter-feed-widget/easy-twitter-feed-widget.css?ver=4.1.1 HTTP/1.1" 200 504 "http://techmeup.co/du-travail-pour-les-epoux-epouses-dimmigres-tech-aux-us/" "Mozilla/5.0 (Linux; U; Android 4.3; fr-fr; SGH-T999 Build/JSS15J) AppleWebKit/534.30 (KHTML, like Gecko) Version/4.0 Mobile Safari/534.30"
98.109.81.194 - - [07/Feb/2016:11:30:58 -0800] "GET /wp-includes/js/jquery/jquery.js?ver=1.11.1 HTTP/1.1" 200 33587 "http://techmeup.co/du-travail-pour-les-epoux-epouses-dimmigres-tech-aux-us/" "Mozilla/5.0 (Linux; U; Android 4.3; fr-fr; SGH-T999 Build/JSS15J) AppleWebKit/534.30 (KHTML, like Gecko) Version/4.0 Mobile Safari/534.30"
98.109.81.194 - - [07/Feb/2016:11:31:00 -0800] "GET /wp-content/themes/great/images/linkedin.png HTTP/1.1" 200 4390 "http://techmeup.co/du-travail-pour-les-epoux-epouses-dimmigres-tech-aux-us/" "Mozilla/5.0 (Linux; U; Android 4.3; fr-fr; SGH-T999 Build/JSS15J) AppleWebKit/534.30 (KHTML, like Gecko) Version/4.0 Mobile Safari/534.30"
98.109.81.194 - - [07/Feb/2016:11:31:00 -0800] "GET /wp-content/uploads/2014/06/tumblr_inline_n6kfddJqSP1sa6hof-50x50.jpg HTTP/1.1" 200 2773 "http://techmeup.co/du-travail-pour-les-epoux-epouses-dimmigres-tech-aux-us/" "Mozilla/5.0 (Linux; U; Android 4.3; fr-fr; SGH-T999 Build/JSS15J) AppleWebKit/534.30 (KHTML, like Gecko) Version/4.0 Mobile Safari/534.30"
98.109.81.194 - - [07/Feb/2016:11:31:00 -0800] "GET /wp-content/plugins/easy-twitter-feed-widget/lib/js/widget-easy-twitter-feed-widget.js?ver=1.0 HTTP/1.1" 200 664 "http://techmeup.co/du-travail-pour-les-epoux-epouses-dimmigres-tech-aux-us/" "Mozilla/5.0 (Linux; U; Android 4.3; fr-fr; SGH-T999 Build/JSS15J) AppleWebKit/534.30 (KHTML, like Gecko) Version/4.0 Mobile Safari/534.30"
98.109.81.194 - - [07/Feb/2016:11:31:00 -0800] "GET /du-travail-pour-les-epoux-epouses-dimmigres-tech-aux-us/apple-touch-icon.png HTTP/1.1" 404 15494 "-" "Mozilla/5.0 (Linux; U; Android 4.3; fr-fr; SGH-T999 Build/JSS15J) AppleWebKit/534.30 (KHTML, like Gecko) Version/4.0 Mobile Safari/534.30"
50.116.30.23 - - [07/Feb/2016:11:31:29 -0800] "GET /rss HTTP/1.1" 304 219 "-" "Superfeedr bot/2.0 http://superfeedr.com - Make your feeds realtime: get in touch - feed-id:138292308"
198.58.103.160 - - [07/Feb/2016:11:40:42 -0800] "GET /rss HTTP/1.1" 304 219 "-" "Superfeedr bot/2.0 http://superfeedr.com - Make your feeds realtime: get in touch - feed-id:138292308"
192.0.101.203 - - [07/Feb/2016:11:43:00 -0800] "HEAD /raodath-aminou-la-revolution-du-commerce-est-en/ HTTP/1.0" 200 342 "-" "WordPress.com; https://entreprendrememepaspeur.wordpress.com"
80.215.173.201 - - [07/Feb/2016:11:46:12 -0800] "GET /trouver-un-job-tech-a-san-francisco-ou-dans-la/ HTTP/1.1" 200 15508 "https://www.google.fr/" "Mozilla/5.0 (Linux; Android 4.1.2; GT-S6790N Build/JZO54K) AppleWebKit/537.36 (KHTML, like Gecko) Chrome/28.0.1500.94 Mobile Safari/537.36"
80.215.173.201 - - [07/Feb/2016:11:46:13 -0800] "GET /wp-content/plugins/wp-shortcode/js/jquery.tipsy.js?ver=4.1.1 HTTP/1.1" 200 3066 "http://techmeup.co/trouver-un-job-tech-a-san-francisco-ou-dans-la/" "Mozilla/5.0 (Linux; Android 4.1.2; GT-S6790N Build/JZO54K) AppleWebKit/537.36 (KHTML, like Gecko) Chrome/28.0.1500.94 Mobile Safari/537.36"
80.215.173.201 - - [07/Feb/2016:11:46:13 -0800] "GET /wp-content/plugins/hupso-share-buttons-for-twitter-facebook-google/style.css?ver=4.1.1 HTTP/1.1" 200 416 "http://techmeup.co/trouver-un-job-tech-a-san-francisco-ou-dans-la/" "Mozilla/5.0 (Linux; Android 4.1.2; GT-S6790N Build/JZO54K) AppleWebKit/537.36 (KHTML, like Gecko) Chrome/28.0.1500.94 Mobile Safari/537.36"
80.215.173.201 - - [07/Feb/2016:11:46:13 -0800] "GET /wp-includes/js/jquery/jquery.js?ver=1.11.1 HTTP/1.1" 200 33587 "http://techmeup.co/trouver-un-job-tech-a-san-francisco-ou-dans-la/" "Mozilla/5.0 (Linux; Android 4.1.2; GT-S6790N Build/JZO54K) AppleWebKit/537.36 (KHTML, like Gecko) Chrome/28.0.1500.94 Mobile Safari/537.36"
80.215.173.201 - - [07/Feb/2016:11:46:15 -0800] "GET /wp-includes/js/jquery/jquery-migrate.min.js?ver=1.2.1 HTTP/1.1" 200 3422 "http://techmeup.co/trouver-un-job-tech-a-san-francisco-ou-dans-la/" "Mozilla/5.0 (Linux; Android 4.1.2; GT-S6790N Build/JZO54K) AppleWebKit/537.36 (KHTML, like Gecko) Chrome/28.0.1500.94 Mobile Safari/537.36"
80.215.173.201 - - [07/Feb/2016:11:46:16 -0800] "GET /wp-content/themes/great/images/twitter.png HTTP/1.1" 200 4483 "http://techmeup.co/trouver-un-job-tech-a-san-francisco-ou-dans-la/" "Mozilla/5.0 (Linux; Android 4.1.2; GT-S6790N Build/JZO54K) AppleWebKit/537.36 (KHTML, like Gecko) Chrome/28.0.1500.94 Mobile Safari/537.36"
80.215.173.201 - - [07/Feb/2016:11:46:23 -0800] "GET /wp-content/themes/great/images/arrow.png HTTP/1.1" 200 438 "http://techmeup.co/trouver-un-job-tech-a-san-francisco-ou-dans-la/" "Mozilla/5.0 (Linux; Android 4.1.2; GT-S6790N Build/JZO54K) AppleWebKit/537.36 (KHTML, like Gecko) Chrome/28.0.1500.94 Mobile Safari/537.36"
80.215.173.201 - - [07/Feb/2016:11:46:45 -0800] "GET /trouver-un-job-tech-a-san-francisco-ou-dans-la/apple-touch-icon.png HTTP/1.1" 404 4872 "-" "Mozilla/5.0 (Linux; Android 4.1.2; GT-S6790N Build/JZO54K) AppleWebKit/537.36 (KHTML, like Gecko) Chrome/28.0.1500.94 Mobile Safari/537.36"
80.215.173.201 - - [07/Feb/2016:11:47:07 -0800] "GET /trouver-un-job-tech-a-san-francisco-ou-dans-la/?cf_action=sync_comments&post_id=30 HTTP/1.1" 200 309 "http://techmeup.co/trouver-un-job-tech-a-san-francisco-ou-dans-la/" "Mozilla/5.0 (Linux; Android 4.1.2; GT-S6790N Build/JZO54K) AppleWebKit/537.36 (KHTML, like Gecko) Chrome/28.0.1500.94 Mobile Safari/537.36"
108.174.5.117 - - [07/Feb/2016:11:49:01 -0800] "HEAD /trouver-un-job-tech-a-san-francisco-ou-dans-la/apple-touch-icon.png HTTP/1.1" 404 448 "-" "LinkedInBot/1.0 (compatible; Mozilla/5.0; Jakarta Commons-HttpClient/3.1 +http://www.linkedin.com)"
199.16.156.125 - - [07/Feb/2016:11:53:09 -0800] "GET /post/104056058258/les-geeks-les-vengeurs-masques-du-21eme-siecle HTTP/1.1" 301 310 "-" "Twitterbot/1.0"
213.245.234.126 - - [07/Feb/2016:11:54:42 -0800] "GET /trouver-un-job-tech-a-san-francisco-ou-dans-la-silicon HTTP/1.1" 404 4871 "-" "Mozilla/5.0 (Macintosh; Intel Mac OS X 10_11_3) AppleWebKit/601.4.4 (KHTML, like Gecko)"
213.245.234.126 - - [07/Feb/2016:11:54:54 -0800] "GET /post/98008044383/trouver-un-job-tech-a-san-francisco-ou-dans-la-silicon HTTP/1.1" 301 374 "-" "Mozilla/5.0 (iPhone; CPU iPhone OS 9_1 like Mac OS X) AppleWebKit/601.1.46 (KHTML, like Gecko) Version/9.0 Mobile/13B143 Safari/601.1"
213.245.234.126 - - [07/Feb/2016:11:54:56 -0800] "GET /apple-touch-icon.png HTTP/1.1" 404 4871 "-" "Safari/11601.4.4 CFNetwork/760.2.6 Darwin/15.3.0 (x86_64)"
90.14.140.166 - - [07/Feb/2016:11:57:22 -0800] "GET /wp-content/themes/great/js/modernizr.min.js HTTP/1.1" 200 6229 "http://techmeup.co/trouver-un-job-tech-a-san-francisco-ou-dans-la/" "Mozilla/5.0 (Windows NT 6.1; WOW64; Trident/7.0; rv:11.0) like Gecko"
90.14.140.166 - - [07/Feb/2016:11:57:23 -0800] "GET /wp-content/plugins/wp-shortcode/css/wp-shortcode.css?ver=4.1.1 HTTP/1.1" 200 2050 "http://techmeup.co/trouver-un-job-tech-a-san-francisco-ou-dans-la/" "Mozilla/5.0 (Windows NT 6.1; WOW64; Trident/7.0; rv:11.0) like Gecko"
90.14.140.166 - - [07/Feb/2016:11:57:23 -0800] "GET /wp-content/plugins/wp-shortcode/js/jquery.tipsy.js?ver=4.1.1 HTTP/1.1" 200 3065 "http://techmeup.co/trouver-un-job-tech-a-san-francisco-ou-dans-la/" "Mozilla/5.0 (Windows NT 6.1; WOW64; Trident/7.0; rv:11.0) like Gecko"
90.14.140.166 - - [07/Feb/2016:11:57:23 -0800] "GET /wp-content/plugins/disqus-comment-system/media/js/disqus.js?ver=4.1.1 HTTP/1.1" 200 1101 "http://techmeup.co/trouver-un-job-tech-a-san-francisco-ou-dans-la/" "Mozilla/5.0 (Windows NT 6.1; WOW64; Trident/7.0; rv:11.0) like Gecko"
90.14.140.166 - - [07/Feb/2016:11:57:23 -0800] "GET /wp-includes/js/jquery/jquery.js?ver=1.11.1 HTTP/1.1" 200 33586 "http://techmeup.co/trouver-un-job-tech-a-san-francisco-ou-dans-la/" "Mozilla/5.0 (Windows NT 6.1; WOW64; Trident/7.0; rv:11.0) like Gecko"
90.14.140.166 - - [07/Feb/2016:11:57:25 -0800] "GET /wp-content/themes/great/images/search.png HTTP/1.1" 200 1683 "http://techmeup.co/trouver-un-job-tech-a-san-francisco-ou-dans-la/" "Mozilla/5.0 (Windows NT 6.1; WOW64; Trident/7.0; rv:11.0) like Gecko"
90.14.140.166 - - [07/Feb/2016:11:57:41 -0800] "GET /wordpress/wp-content/uploads/2015/02/favico.png HTTP/1.1" 200 987 "-" "Mozilla/5.0 (Windows NT 6.1; WOW64; Trident/7.0; rv:11.0) like Gecko"
80.12.42.19 - - [07/Feb/2016:11:59:12 -0800] "GET /favicon.ico HTTP/1.1" 200 238 "-" "Reeder/3.0 CFNetwork/758.2.8 Darwin/15.0.0"
91.196.50.33 - - [07/Feb/2016:12:02:36 -0800] "GET http://testp2.czar.bielawa.pl/testproxy.php HTTP/1.1" 301 502 "-" "Mozilla/5.0 (Windows NT 5.1; rv:32.0) Gecko/20100101 Firefox/31.0"
188.138.17.205 - - [07/Feb/2016:12:03:08 -0800] "GET /sitemap.xml HTTP/1.1" 200 2928 "-" "-"
80.12.63.146 - - [07/Feb/2016:12:08:13 -0800] "GET /wp-content/themes/great/images/twitter.png HTTP/1.1" 200 4483 "http://techmeup.co/trouver-un-job-tech-a-san-francisco-ou-dans-la/" "Mozilla/5.0 (iPhone; CPU iPhone OS 9_2_1 like Mac OS X) AppleWebKit/601.1.46 (KHTML, like Gecko) Version/9.0 Mobile/13D15 Safari/601.1"
62.210.250.66 - - [07/Feb/2016:12:12:18 -0800] "POST /xmlrpc.php HTTP/1.1" 200 433 "http://hnwatcher.com/" "Mozilla/5.0 (Windows NT 10.0; WOW64) AppleWebKit/537.36 (KHTML, like Gecko) Chrome/46.0.2490.86 Safari/537.36"
62.210.250.66 - - [07/Feb/2016:12:21:33 -0800] "POST /xmlrpc.php HTTP/1.1" 200 433 "http://hnwatcher.com/" "Mozilla/5.0 (Windows NT 10.0; WOW64) AppleWebKit/537.36 (KHTML, like Gecko) Chrome/46.0.2490.86 Safari/537.36"
180.76.15.6 - - [07/Feb/2016:12:25:04 -0800] "GET / HTTP/1.1" 200 7237 "-" "Mozilla/5.0 (compatible; Baiduspider/2.0; +http://www.baidu.com/search/spider.html)"
213.245.234.126 - - [07/Feb/2016:12:27:12 -0800] "GET /apple-touch-icon-precomposed.png HTTP/1.1" 404 4871 "-" "Safari/11601.4.4 CFNetwork/760.2.6 Darwin/15.3.0 (x86_64)"
213.245.234.126 - - [07/Feb/2016:12:27:24 -0800] "GET /apple-touch-icon.png HTTP/1.1" 404 4872 "-" "Safari/11601.4.4 CFNetwork/760.2.6 Darwin/15.3.0 (x86_64)"
62.210.250.66 - - [07/Feb/2016:12:27:51 -0800] "POST /xmlrpc.php HTTP/1.1" 200 433 "http://hnwatcher.com/" "Mozilla/5.0 (Windows NT 10.0; WOW64) AppleWebKit/537.36 (KHTML, like Gecko) Chrome/46.0.2490.86 Safari/537.36"
209.133.111.211 - - [07/Feb/2016:12:32:10 -0800] "GET /feed/ HTTP/1.1" 200 20931 "-" "rogerbot/1.0 (http://www.moz.com/dp/rogerbot, rogerbot-crawler@moz.com)"
198.58.102.155 - - [07/Feb/2016:12:37:55 -0800] "GET /rss HTTP/1.1" 304 219 "-" "Superfeedr bot/2.0 http://superfeedr.com - Make your feeds realtime: get in touch - feed-id:138292308"
93.76.54.179 - - [07/Feb/2016:12:44:01 -0800] "POST /wp-login.php HTTP/1.0" 200 3816 "-" "Mozilla/5.0 (Windows NT 6.1; WOW64) AppleWebKit/537.36 (KHTML, like Gecko) Chrome/36.0.1985.125 Safari/537.36"
178.255.215.65 - - [07/Feb/2016:12:51:48 -0800] "GET /2014/04/ HTTP/1.1" 200 6133 "-" "Mozilla/5.0 (compatible; Exabot/3.0; +http://www.exabot.com/go/robot)"
178.255.215.65 - - [07/Feb/2016:12:52:41 -0800] "GET /2014/08/ HTTP/1.1" 200 6266 "-" "Mozilla/5.0 (compatible; Exabot/3.0; +http://www.exabot.com/go/robot)"
88.190.38.63 - - [07/Feb/2016:12:56:01 -0800] "GET /wp-content/themes/great/js/modernizr.min.js HTTP/1.1" 200 6228 "http://techmeup.co/du-travail-pour-les-epoux-epouses-dimmigres-tech-aux-us/" "Mozilla/5.0 (Windows NT 6.1; WOW64) AppleWebKit/537.36 (KHTML, like Gecko) Chrome/48.0.2564.103 Safari/537.36"
88.190.38.63 - - [07/Feb/2016:12:56:01 -0800] "GET /wp-content/plugins/wp-shortcode/css/wp-shortcode.css?ver=4.1.1 HTTP/1.1" 200 2050 "http://techmeup.co/du-travail-pour-les-epoux-epouses-dimmigres-tech-aux-us/" "Mozilla/5.0 (Windows NT 6.1; WOW64) AppleWebKit/537.36 (KHTML, like Gecko) Chrome/48.0.2564.103 Safari/537.36"
88.190.38.63 - - [07/Feb/2016:12:56:01 -0800] "GET /wp-includes/js/jquery/jquery-migrate.min.js?ver=1.2.1 HTTP/1.1" 200 3421 "http://techmeup.co/du-travail-pour-les-epoux-epouses-dimmigres-tech-aux-us/" "Mozilla/5.0 (Windows NT 6.1; WOW64) AppleWebKit/537.36 (KHTML, like Gecko) Chrome/48.0.2564.103 Safari/537.36"
88.190.38.63 - - [07/Feb/2016:12:56:02 -0800] "GET /wp-includes/js/comment-reply.min.js?ver=4.1.1 HTTP/1.1" 200 757 "http://techmeup.co/du-travail-pour-les-epoux-epouses-dimmigres-tech-aux-us/" "Mozilla/5.0 (Windows NT 6.1; WOW64) AppleWebKit/537.36 (KHTML, like Gecko) Chrome/48.0.2564.103 Safari/537.36"
tcher.com/" "Mozilla/5.0 (Windows NT 10.0; WOW64) AppleWebKit/537.36 (KHTML, like Gecko) Chrome/46.0.2490.86 Safari/537.36"
2.1.201.36 - - [09/Feb/2016:02:06:16 -0800] "GET /rss HTTP/1.1" 304 163 "http://techmeup.co/rss" "FreshRSS/1.0.0 (Linux; http://freshrss.org) SimplePie/1.4-dev-FreshRSS"
62.210.250.66 - - [09/Feb/2016:02:09:54 -0800] "POST /xmlrpc.php HTTP/1.1" 200 433 "http://hnwatcher.com/" "Mozilla/5.0 (Windows NT 10.0; WOW64) AppleWebKit/537.36 (KHTML, like Gecko) Chrome/46.0.2490.86 Safari/537.36"
50.116.30.23 - - [09/Feb/2016:02:17:29 -0800] "GET /rss HTTP/1.1" 304 219 "-" "Superfeedr bot/2.0 http://superfeedr.com - Make your feeds realtime: get in touch - feed-id:138292308"
62.210.250.66 - - [09/Feb/2016:02:24:31 -0800] "POST /xmlrpc.php HTTP/1.1" 200 433 "http://hnwatcher.com/" "Mozilla/5.0 (Windows NT 10.0; WOW64) AppleWebKit/537.36 (KHTML, like Gecko) Chrome/46.0.2490.86 Safari/537.36"
178.137.93.235 - - [09/Feb/2016:02:26:06 -0800] "GET /steeve-morin-de-google-a-lentreprenariat/ HTTP/1.1" 200 29352 "http://www.visa-china.ru/" "Mozilla/4.0 (compatible; MSIE 6.0; Windows NT 5.0; T312461)"
62.210.250.66 - - [09/Feb/2016:02:27:28 -0800] "POST /xmlrpc.php HTTP/1.1" 200 433 "http://hnwatcher.com/" "Mozilla/5.0 (Windows NT 10.0; WOW64) AppleWebKit/537.36 (KHTML, like Gecko) Chrome/46.0.2490.86 Safari/537.36"
90.43.108.157 - - [09/Feb/2016:02:30:54 -0800] "GET /trouver-un-job-tech-a-san-francisco-ou-dans-la-silicon HTTP/1.1" 404 4871 "-" "Mozilla/5.0 (Macintosh; Intel Mac OS X 10_11) AppleWebKit/601.1.56 (KHTML, like Gecko)"
90.43.108.157 - - [09/Feb/2016:02:31:05 -0800] "GET /post/98008044383/trouver-un-job-tech-a-san-francisco-ou-dans-la-silicon HTTP/1.1" 301 374 "-" "Mozilla/5.0 (iPhone; CPU iPhone OS 8_1 like Mac OS X) AppleWebKit/600.1.4 (KHTML, like Gecko) Version/8.0 Mobile/12B410 Safari/600.1.4"
90.43.108.157 - - [09/Feb/2016:02:31:07 -0800] "GET /apple-touch-icon.png HTTP/1.1" 404 4871 "-" "Safari/11601.1.56 CFNetwork/760.0.5 Darwin/15.0.0 (x86_64)"
193.164.197.233 - - [09/Feb/2016:02:35:33 -0800] "GET / HTTP/1.1" 200 7274 "-" "Mozilla/5.0 (Macintosh; Intel Mac OS X 10_11_3) AppleWebKit/601.4.4 (KHTML, like Gecko)"
193.164.197.233 - - [09/Feb/2016:02:35:46 -0800] "GET / HTTP/1.1" 200 7274 "-" "Mozilla/5.0 (iPhone; CPU iPhone OS 9_1 like Mac OS X) AppleWebKit/601.1.46 (KHTML, like Gecko) Version/9.0 Mobile/13B143 Safari/601.1"
2.1.201.36 - - [09/Feb/2016:02:36:23 -0800] "GET /rss HTTP/1.1" 304 163 "http://techmeup.co/rss" "FreshRSS/1.0.0 (Linux; http://freshrss.org) SimplePie/1.4-dev-FreshRSS"
199.16.156.126 - - [09/Feb/2016:02:46:33 -0800] "GET /robots.txt HTTP/1.1" 200 367 "-" "Twitterbot/1.0"
165.225.80.115 - - [09/Feb/2016:02:48:00 -0800] "GET /wp-content/themes/great/style.css HTTP/1.1" 200 7662 "http://techmeup.co/trouver-un-job-tech-a-san-francisco-ou-dans-la/" "Mozilla/5.0 (Windows NT 6.1; WOW64; Trident/7.0; rv:11.0) like Gecko"
165.225.80.115 - - [09/Feb/2016:02:48:00 -0800] "GET /wp-content/plugins/wp-shortcode/css/tipsy.css?ver=4.1.1 HTTP/1.1" 200 867 "http://techmeup.co/trouver-un-job-tech-a-san-francisco-ou-dans-la/" "Mozilla/5.0 (Windows NT 6.1; WOW64; Trident/7.0; rv:11.0) like Gecko"
165.225.80.115 - - [09/Feb/2016:02:48:00 -0800] "GET /wp-content/plugins/wp-shortcode/js/jquery.tipsy.js?ver=4.1.1 HTTP/1.1" 200 3065 "http://techmeup.co/trouver-un-job-tech-a-san-francisco-ou-dans-la/" "Mozilla/5.0 (Windows NT 6.1; WOW64; Trident/7.0; rv:11.0) like Gecko"
165.225.80.115 - - [09/Feb/2016:02:48:01 -0800] "GET /wp-includes/js/comment-reply.min.js?ver=4.1.1 HTTP/1.1" 200 757 "http://techmeup.co/trouver-un-job-tech-a-san-francisco-ou-dans-la/" "Mozilla/5.0 (Windows NT 6.1; WOW64; Trident/7.0; rv:11.0) like Gecko"
165.225.80.115 - - [09/Feb/2016:02:48:01 -0800] "GET /wp-content/uploads/2014/06/tumblr_inline_n6zugoFw371sygmpd-50x50.jpg HTTP/1.1" 200 2091 "http://techmeup.co/trouver-un-job-tech-a-san-francisco-ou-dans-la/" "Mozilla/5.0 (Windows NT 6.1; WOW64; Trident/7.0; rv:11.0) like Gecko"
165.225.80.115 - - [09/Feb/2016:02:48:01 -0800] "GET /wp-content/themes/great/images/twitter.png HTTP/1.1" 200 4483 "http://techmeup.co/trouver-un-job-tech-a-san-francisco-ou-dans-la/" "Mozilla/5.0 (Windows NT 6.1; WOW64; Trident/7.0; rv:11.0) like Gecko"
165.225.80.115 - - [09/Feb/2016:02:48:01 -0800] "POST /wp-admin/admin-ajax.php HTTP/1.1" 200 503 "http://techmeup.co/trouver-un-job-tech-a-san-francisco-ou-dans-la/" "Mozilla/5.0 (Windows NT 6.1; WOW64; Trident/7.0; rv:11.0) like Gecko"
198.58.102.96 - - [09/Feb/2016:02:50:49 -0800] "GET /rss HTTP/1.1" 304 219 "-" "Superfeedr bot/2.0 http://superfeedr.com - Make your feeds realtime: get in touch - feed-id:138292308"
66.249.64.132 - - [09/Feb/2016:02:56:07 -0800] "GET /post/103124816768/paul-duan-le-super-heros-de-la-data-science-pour HTTP/1.1" 301 368 "-" "Mozilla/5.0 (compatible; Googlebot/2.1; +http://www.google.com/bot.html)"
66.249.93.116 - - [09/Feb/2016:02:57:48 -0800] "GET / HTTP/1.1" 200 7274 "-" "Mozilla/5.0 (Windows NT 6.1; rv:6.0) Gecko/20110814 Firefox/6.0 Google Favicon"
217.145.35.62 - - [09/Feb/2016:02:57:51 -0800] "GET /wp-content/themes/great/js/modernizr.min.js HTTP/1.1" 200 6229 "http://techmeup.co/teresa-colombi-ou-le-futur-de-lexperience-utilisateur/" "Mozilla/5.0 (Windows NT 6.1; WOW64) AppleWebKit/537.36 (KHTML, like Gecko) Chrome/48.0.2564.103 Safari/537.36"
217.145.35.62 - - [09/Feb/2016:02:57:51 -0800] "GET /wp-content/plugins/wp-shortcode/css/wp-shortcode.css?ver=4.1.1 HTTP/1.1" 200 2050 "http://techmeup.co/teresa-colombi-ou-le-futur-de-lexperience-utilisateur/" "Mozilla/5.0 (Windows NT 6.1; WOW64) AppleWebKit/537.36 (KHTML, like Gecko) Chrome/48.0.2564.103 Safari/537.36"
217.145.35.62 - - [09/Feb/2016:02:57:51 -0800] "GET /wp-includes/js/jquery/jquery-migrate.min.js?ver=1.2.1 HTTP/1.1" 200 3421 "http://techmeup.co/teresa-colombi-ou-le-futur-de-lexperience-utilisateur/" "Mozilla/5.0 (Windows NT 6.1; WOW64) AppleWebKit/537.36 (KHTML, like Gecko) Chrome/48.0.2564.103 Safari/537.36"
217.145.35.62 - - [09/Feb/2016:02:57:51 -0800] "GET /wp-content/plugins/easy-twitter-feed-widget/lib/js/widget-easy-twitter-feed-widget.js?ver=1.0 HTTP/1.1" 200 663 "http://techmeup.co/teresa-colombi-ou-le-futur-de-lexperience-utilisateur/" "Mozilla/5.0 (Windows NT 6.1; WOW64) AppleWebKit/537.36 (KHTML, like Gecko) Chrome/48.0.2564.103 Safari/537.36"
217.145.35.62 - - [09/Feb/2016:02:57:51 -0800] "GET /wp-content/uploads/2014/06/tumblr_inline_n773jlxJpN1sa6hof-50x50.jpg HTTP/1.1" 200 2114 "http://techmeup.co/teresa-colombi-ou-le-futur-de-lexperience-utilisateur/" "Mozilla/5.0 (Windows NT 6.1; WOW64) AppleWebKit/537.36 (KHTML, like Gecko) Chrome/48.0.2564.103 Safari/537.36"
217.145.35.62 - - [09/Feb/2016:02:57:51 -0800] "GET /wp-content/themes/great/images/arrow.png HTTP/1.1" 200 437 "http://techmeup.co/wp-content/themes/great/style.css" "Mozilla/5.0 (Windows NT 6.1; WOW64) AppleWebKit/537.36 (KHTML, like Gecko) Chrome/48.0.2564.103 Safari/537.36"
