207.241.229.215 - - [09/Feb/2016:08:11:42 -0800] "GET /wp-content/uploads/2015/03/Mathilde-le-Rouzic-Quaelead-300x225.jpg HTTP/1.0" 200 16220 "http://marryme-bridal.ru/" "Mozilla/5.0 (compatible; archive.org_bot +http://www.archive.org/details/archive.org_bot)"
198.58.103.160 - - [09/Feb/2016:08:18:16 -0800] "GET /rss HTTP/1.1" 304 219 "-" "Superfeedr bot/2.0 http://superfeedr.com - Make your feeds realtime: get in touch - feed-id:138292308"
130.0.236.153 - - [09/Feb/2016:08:25:09 -0800] "POST /xmlrpc.php HTTP/1.1" 200 456 "-" "Opera/9.80 (Windows NT 6.0) Presto/2.12.388 Version/12.14"
86.246.217.7 - - [09/Feb/2016:08:32:16 -0800] "GET /feed/ HTTP/1.1" 304 219 "-" "Mozilla/5.0 Vienna/3.0.9"
68.180.228.42 - - [09/Feb/2016:08:35:44 -0800] "GET /le-talent-cache-de-ludovic-copere-electron-libre-de-linnovation-a-sony-du-japon-au-tango/ HTTP/1.1" 200 9636 "-" "Mozilla/5.0 (compatible; Yahoo! Slurp; http://help.yahoo.com/help/us/ysearch/slurp)"
81.242.141.238 - - [09/Feb/2016:08:37:33 -0800] "GET /wp-content/themes/great/style.css HTTP/1.1" 200 7662 "http://techmeup.co/trouver-un-job-tech-a-san-francisco-ou-dans-la/" "Mozilla/5.0 (Windows NT 6.1; WOW64) AppleWebKit/537.36 (KHTML, like Gecko) Chrome/48.0.2564.103 Safari/537.36"
81.242.141.238 - - [09/Feb/2016:08:37:34 -0800] "GET /wordpress/wp-content/uploads/2015/02/logo-text1.png HTTP/1.1" 200 5144 "http://techmeup.co/trouver-un-job-tech-a-san-francisco-ou-dans-la/" "Mozilla/5.0 (Windows NT 6.1; WOW64) AppleWebKit/537.36 (KHTML, like Gecko) Chrome/48.0.2564.103 Safari/537.36"
81.242.141.238 - - [09/Feb/2016:08:37:34 -0800] "GET /wp-includes/js/jquery/jquery.js?ver=1.11.1 HTTP/1.1" 200 33586 "http://techmeup.co/trouver-un-job-tech-a-san-francisco-ou-dans-la/" "Mozilla/5.0 (Windows NT 6.1; WOW64) AppleWebKit/537.36 (KHTML, like Gecko) Chrome/48.0.2564.103 Safari/537.36"
81.242.141.238 - - [09/Feb/2016:08:37:34 -0800] "GET /wp-includes/js/comment-reply.min.js?ver=4.1.1 HTTP/1.1" 200 757 "http://techmeup.co/trouver-un-job-tech-a-san-francisco-ou-dans-la/" "Mozilla/5.0 (Windows NT 6.1; WOW64) AppleWebKit/537.36 (KHTML, like Gecko) Chrome/48.0.2564.103 Safari/537.36"
81.242.141.238 - - [09/Feb/2016:08:37:35 -0800] "GET /wp-content/uploads/2014/09/logo-transparent-horizontal-1024x482.png HTTP/1.1" 200 334990 "http://techmeup.co/trouver-un-job-tech-a-san-francisco-ou-dans-la/" "Mozilla/5.0 (Windows NT 6.1; WOW64) AppleWebKit/537.36 (KHTML, like Gecko) Chrome/48.0.2564.103 Safari/537.36"
81.242.141.238 - - [09/Feb/2016:08:37:38 -0800] "GET /wp-content/themes/great/images/linkedin.png HTTP/1.1" 200 4390 "http://techmeup.co/wp-content/themes/great/style.css" "Mozilla/5.0 (Windows NT 6.1; WOW64) AppleWebKit/537.36 (KHTML, like Gecko) Chrome/48.0.2564.103 Safari/537.36"
81.242.141.238 - - [09/Feb/2016:08:37:40 -0800] "GET /wp-content/themes/great/images/arrow.png HTTP/1.1" 200 437 "http://techmeup.co/wp-content/themes/great/style.css" "Mozilla/5.0 (Windows NT 6.1; WOW64) AppleWebKit/537.36 (KHTML, like Gecko) Chrome/48.0.2564.103 Safari/537.36"
199.16.156.126 - - [09/Feb/2016:08:37:45 -0800] "GET /wp-content/uploads/2014/09/tumblr_inline_ncaeibjep11spe2e1-300x225.jpg HTTP/1.1" 200 21425 "-" "Twitterbot/1.0"
199.16.156.124 - - [09/Feb/2016:08:40:09 -0800] "GET /les-geeks-les-vengeurs-masques-du-21eme-siecle HTTP/1.1" 404 4816 "-" "Twitterbot/1.0"
81.252.96.8 - - [09/Feb/2016:08:44:53 -0800] "GET /wp-content/themes/great/style.css HTTP/1.1" 200 36583 "-" "Mozilla/4.0 (compatible;)"
51.254.131.246 - - [09/Feb/2016:08:48:52 -0800] "GET /robots.txt HTTP/1.0" 200 346 "-" "Mozilla/5.0 (compatible; MJ12bot/v1.4.5; http://www.majestic12.co.uk/bot.php?+)"
130.0.236.153 - - [09/Feb/2016:08:51:45 -0800] "POST /xmlrpc.php HTTP/1.1" 200 456 "-" "Opera/9.80 (Windows NT 6.0) Presto/2.12.388 Version/12.14"
130.0.236.153 - - [09/Feb/2016:08:57:29 -0800] "POST /xmlrpc.php HTTP/1.1" 200 456 "-" "Opera/9.80 (Windows NT 6.0) Presto/2.12.388 Version/12.14"
109.15.143.216 - - [09/Feb/2016:09:00:44 -0800] "GET /du-travail-pour-les-epoux-epouses-dimmigres-tech-aux-us/apple-touch-icon.png HTTP/1.1" 404 4872 "-" "Safari/11601.4.4 CFNetwork/760.2.6 Darwin/15.3.0 (x86_64)"
109.15.143.216 - - [09/Feb/2016:09:00:56 -0800] "GET /du-travail-pour-les-epoux-epouses-dimmigres-tech-aux-us/apple-touch-icon.png HTTP/1.1" 404 4872 "-" "Safari/11601.4.4 CFNetwork/760.2.6 Darwin/15.3.0 (x86_64)"
81.252.96.8 - - [09/Feb/2016:09:02:13 -0800] "GET /wordpress/wp-content/uploads/2015/02/logo-text1.png HTTP/1.1" 304 188 "-" "Mozilla/4.0 (compatible;)"
217.195.28.157 - - [09/Feb/2016:09:04:34 -0800] "GET /wp-content/uploads/2015/02/10527525_10153205547817652_3810498128776234928_n-300x300.jpg HTTP/1.1" 200 34314 "http://hnwatcher.com/silicon-valley/author/silicon-valley/" "Mozilla/5.0 (Windows NT 6.1; WOW64; Trident/7.0; rv:11.0) like Gecko"
217.195.28.157 - - [09/Feb/2016:09:04:34 -0800] "GET /wp-content/uploads/2015/03/1-4hdrSSvSgHd6oa4AL5KK3Q.jpeg HTTP/1.1" 200 174731 "http://hnwatcher.com/silicon-valley/author/silicon-valley/" "Mozilla/5.0 (Windows NT 6.1; WOW64; Trident/7.0; rv:11.0) like Gecko"
2.1.201.36 - - [09/Feb/2016:09:06:21 -0800] "GET /rss HTTP/1.1" 304 163 "http://techmeup.co/rss" "FreshRSS/1.0.0 (Linux; http://freshrss.org) SimplePie/1.4-dev-FreshRSS"
199.119.124.43 - - [09/Feb/2016:09:07:35 -0800] "GET /rss HTTP/1.1" 301 418 "-" "Mozilla/5.0 (compatible; theoldreader.com; 1 subscribers; feed-id=e020a4234ced4329fa4063c1)"
130.0.236.153 - - [09/Feb/2016:09:09:42 -0800] "POST /xmlrpc.php HTTP/1.1" 200 456 "-" "Opera/9.80 (Windows NT 6.0) Presto/2.12.388 Version/12.14"
92.222.20.166 - - [09/Feb/2016:09:12:46 -0800] "GET /rss HTTP/1.1" 304 163 "-" "Tiny Tiny RSS/16.1 (c352248) (http://tt-rss.org/)"
130.0.236.153 - - [09/Feb/2016:09:15:42 -0800] "POST /xmlrpc.php HTTP/1.1" 200 456 "-" "Opera/9.80 (Windows NT 6.0) Presto/2.12.388 Version/12.14"
176.147.244.57 - - [09/Feb/2016:09:17:05 -0800] "GET /trouver-un-job-tech-a-san-francisco-ou-dans-la/apple-touch-icon.png HTTP/1.1" 404 4872 "-" "Safari/11601.4.4 CFNetwork/760.2.6 Darwin/15.3.0 (x86_64)"
176.147.244.57 - - [09/Feb/2016:09:17:17 -0800] "GET /trouver-un-job-tech-a-san-francisco-ou-dans-la/apple-touch-icon.png HTTP/1.1" 404 4872 "-" "Safari/11601.4.4 CFNetwork/760.2.6 Darwin/15.3.0 (x86_64)"
111.248.98.33 - - [09/Feb/2016:09:19:04 -0800] "CONNECT vip163mx00.mxmail.netease.com:25 HTTP/1.0" 404 15416 "-" "-"
89.121.185.36 - - [09/Feb/2016:09:20:36 -0800] "GET /wp-content/plugins/hupso-share-buttons-for-twitter-facebook-google/style.css?ver=4.1.1 HTTP/1.1" 200 416 "http://techmeup.co/" "Mozilla/5.0 (Windows NT 10.0; WOW64) AppleWebKit/537.36 (KHTML, like Gecko) Chrome/48.0.2564.103 Safari/537.36"
89.121.185.36 - - [09/Feb/2016:09:20:36 -0800] "GET /wordpress/wp-content/uploads/2015/02/logo-text1.png HTTP/1.1" 200 5144 "http://techmeup.co/" "Mozilla/5.0 (Windows NT 10.0; WOW64) AppleWebKit/537.36 (KHTML, like Gecko) Chrome/48.0.2564.103 Safari/537.36"
89.121.185.36 - - [09/Feb/2016:09:20:36 -0800] "GET /wp-content/uploads/2015/03/Mathilde-le-Rouzic-Quaelead-300x225.jpg HTTP/1.1" 200 16230 "http://techmeup.co/" "Mozilla/5.0 (Windows NT 10.0; WOW64) AppleWebKit/537.36 (KHTML, like Gecko) Chrome/48.0.2564.103 Safari/537.36"
89.121.185.36 - - [09/Feb/2016:09:20:37 -0800] "GET /wp-content/uploads/2015/02/1620528_10152406520622652_278602715_n-300x225.jpg HTTP/1.1" 200 32895 "http://techmeup.co/" "Mozilla/5.0 (Windows NT 10.0; WOW64) AppleWebKit/537.36 (KHTML, like Gecko) Chrome/48.0.2564.103 Safari/537.36"
89.121.185.36 - - [09/Feb/2016:09:20:37 -0800] "GET /wp-content/plugins/disqus-comment-system/media/js/count.js?ver=4.1.1 HTTP/1.1" 200 776 "http://techmeup.co/" "Mozilla/5.0 (Windows NT 10.0; WOW64) AppleWebKit/537.36 (KHTML, like Gecko) Chrome/48.0.2564.103 Safari/537.36"
89.121.185.36 - - [09/Feb/2016:09:20:37 -0800] "GET /wp-content/themes/great/images/search.png HTTP/1.1" 200 1683 "http://techmeup.co/wp-content/themes/great/style.css" "Mozilla/5.0 (Windows NT 10.0; WOW64) AppleWebKit/537.36 (KHTML, like Gecko) Chrome/48.0.2564.103 Safari/537.36"
198.58.102.155 - - [09/Feb/2016:09:23:22 -0800] "GET /rss HTTP/1.1" 304 219 "-" "Superfeedr bot/2.0 http://superfeedr.com - Make your feeds realtime: get in touch - feed-id:138292308"
157.55.39.231 - - [09/Feb/2016:09:28:39 -0800] "GET / HTTP/1.1" 200 7274 "-" "Mozilla/5.0 (compatible; bingbot/2.0; +http://www.bing.com/bingbot.htm)"
50.62.176.163 - - [09/Feb/2016:09:31:57 -0800] "POST /xmlrpc.php HTTP/1.1" 200 793 "-" "Mozilla/5.0 (X11; Ubuntu; Linux x86_64; rv:23.0) Gecko/20100101 Firefox/23.0"
130.0.236.153 - - [09/Feb/2016:09:36:22 -0800] "POST /xmlrpc.php HTTP/1.1" 200 456 "-" "Opera/9.80 (Windows NT 6.0) Presto/2.12.388 Version/12.14"
185.82.148.10 - - [09/Feb/2016:09:40:39 -0800] "GET /feed/ HTTP/1.1" 200 63896 "-" "Scoop"
195.154.209.237 - - [09/Feb/2016:09:40:40 -0800] "GET /wp-content/plugins/wp-shortcode/css/tipsy.css?ver=4.1.1 HTTP/1.1" 200 868 "http://techmeup.co/sylvia-gallusser-expatriee-aux-us-jaime-mon-pays-la-france-reviensleon/" "Mozilla/5.0 (X11; Linux x86_64) AppleWebKit/537.21 (KHTML, like Gecko) wpif Safari/537.21"
195.154.209.237 - - [09/Feb/2016:09:40:40 -0800] "GET /wp-content/uploads/2014/11/tumblr_inline_negm7m1xwx1sygmpd-50x50.jpg HTTP/1.1" 200 1740 "http://techmeup.co/sylvia-gallusser-expatriee-aux-us-jaime-mon-pays-la-france-reviensleon/" "Mozilla/5.0 (X11; Linux x86_64) AppleWebKit/537.21 (KHTML, like Gecko) wpif Safari/537.21"
195.154.209.237 - - [09/Feb/2016:09:40:40 -0800] "GET /wp-content/themes/great/images/linkedin.png HTTP/1.1" 200 4391 "http://techmeup.co/sylvia-gallusser-expatriee-aux-us-jaime-mon-pays-la-france-reviensleon/" "Mozilla/5.0 (X11; Linux x86_64) AppleWebKit/537.21 (KHTML, like Gecko) wpif Safari/537.21"
195.154.209.237 - - [09/Feb/2016:09:40:40 -0800] "GET /wp-content/uploads/2015/06/sylvia.png HTTP/1.1" 200 803659 "http://techmeup.co/sylvia-gallusser-expatriee-aux-us-jaime-mon-pays-la-france-reviensleon/" "Mozilla/5.0 (X11; Linux x86_64) AppleWebKit/537.21 (KHTML, like Gecko) wpif Safari/537.21"
195.154.172.59 - - [09/Feb/2016:09:40:43 -0800] "GET /wordpress/wp-content/uploads/2015/02/logo-text1.png HTTP/1.1" 200 5144 "http://techmeup.co/ce-que-je-referais-autrement-invite-cedric-giorgi/" "Mozilla/5.0 (X11; Linux x86_64) AppleWebKit/537.21 (KHTML, like Gecko) wpif Safari/537.21"
195.154.172.59 - - [09/Feb/2016:09:40:43 -0800] "GET /wp-content/uploads/2014/11/tumblr_inline_negm7m1xwx1sygmpd-50x50.jpg HTTP/1.1" 200 1740 "http://techmeup.co/ce-que-je-referais-autrement-invite-cedric-giorgi/" "Mozilla/5.0 (X11; Linux x86_64) AppleWebKit/537.21 (KHTML, like Gecko) wpif Safari/537.21"
195.154.172.59 - - [09/Feb/2016:09:40:43 -0800] "GET /wp-content/themes/great/images/linkedin.png HTTP/1.1" 200 4390 "http://techmeup.co/ce-que-je-referais-autrement-invite-cedric-giorgi/" "Mozilla/5.0 (X11; Linux x86_64) AppleWebKit/537.21 (KHTML, like Gecko) wpif Safari/537.21"
195.154.172.53 - - [09/Feb/2016:09:40:44 -0800] "GET /le-talent-cache-de-ludovic-copere-electron-libre-de-linnovation-a-sony-du-japon-au-tango/ HTTP/1.1" 200 9679 "-" "Mozilla/5.0 (X11; Linux x86_64) AppleWebKit/537.21 (KHTML, like Gecko) wpif Safari/537.21"
195.154.172.53 - - [09/Feb/2016:09:40:44 -0800] "GET /wordpress/wp-content/uploads/2015/02/logo-text1.png HTTP/1.1" 200 5144 "http://techmeup.co/le-talent-cache-de-ludovic-copere-electron-libre-de-linnovation-a-sony-du-japon-au-tango/" "Mozilla/5.0 (X11; Linux x86_64) AppleWebKit/537.21 (KHTML, like Gecko) wpif Safari/537.21"
195.154.172.53 - - [09/Feb/2016:09:40:44 -0800] "GET /wp-content/uploads/2014/05/tumblr_inline_n5cg5zlThJ1sa6hof-50x50.jpg HTTP/1.1" 200 2073 "http://techmeup.co/le-talent-cache-de-ludovic-copere-electron-libre-de-linnovation-a-sony-du-japon-au-tango/" "Mozilla/5.0 (X11; Linux x86_64) AppleWebKit/537.21 (KHTML, like Gecko) wpif Safari/537.21"
195.154.172.53 - - [09/Feb/2016:09:40:44 -0800] "GET /wp-content/themes/great/images/linkedin.png HTTP/1.1" 200 4390 "http://techmeup.co/le-talent-cache-de-ludovic-copere-electron-libre-de-linnovation-a-sony-du-japon-au-tango/" "Mozilla/5.0 (X11; Linux x86_64) AppleWebKit/537.21 (KHTML, like Gecko) wpif Safari/537.21"
195.154.172.53 - - [09/Feb/2016:09:40:45 -0800] "GET /ce-que-je-referais-autrement-invitee-mathilde-le-rouzic/ HTTP/1.1" 200 9085 "-" "Mozilla/5.0 (X11; Linux x86_64) AppleWebKit/537.21 (KHTML, like Gecko) wpif Safari/537.21"
195.154.172.53 - - [09/Feb/2016:09:40:45 -0800] "GET /wordpress/wp-content/uploads/2015/02/logo-text1.png HTTP/1.1" 200 5144 "http://techmeup.co/ce-que-je-referais-autrement-invitee-mathilde-le-rouzic/" "Mozilla/5.0 (X11; Linux x86_64) AppleWebKit/537.21 (KHTML, like Gecko) wpif Safari/537.21"
195.154.172.53 - - [09/Feb/2016:09:40:45 -0800] "GET /wp-content/uploads/2015/03/Mathilde-le-Rouzic-Quaelead-200x300.jpg HTTP/1.1" 200 16095 "http://techmeup.co/ce-que-je-referais-autrement-invitee-mathilde-le-rouzic/" "Mozilla/5.0 (X11; Linux x86_64) AppleWebKit/537.21 (KHTML, like Gecko) wpif Safari/537.21"
195.154.172.53 - - [09/Feb/2016:09:40:45 -0800] "GET /wp-content/themes/great/images/facebook.png HTTP/1.1" 200 4285 "http://techmeup.co/ce-que-je-referais-autrement-invitee-mathilde-le-rouzic/" "Mozilla/5.0 (X11; Linux x86_64) AppleWebKit/537.21 (KHTML, like Gecko) wpif Safari/537.21"
195.154.172.53 - - [09/Feb/2016:09:40:46 -0800] "GET /wp-content/plugins/hupso-share-buttons-for-twitter-facebook-google/style.css?ver=4.1.1 HTTP/1.1" 200 416 "http://techmeup.co/teresa-colombi-ou-le-futur-de-lexperience-utilisateur/" "Mozilla/5.0 (X11; Linux x86_64) AppleWebKit/537.21 (KHTML, like Gecko) wpif Safari/537.21"
195.154.172.53 - - [09/Feb/2016:09:40:46 -0800] "GET /wp-content/themes/great/style.css HTTP/1.1" 200 7662 "http://techmeup.co/teresa-colombi-ou-le-futur-de-lexperience-utilisateur/" "Mozilla/5.0 (X11; Linux x86_64) AppleWebKit/537.21 (KHTML, like Gecko) wpif Safari/537.21"
195.154.172.53 - - [09/Feb/2016:09:40:46 -0800] "GET /wp-content/themes/great/images/twitter.png HTTP/1.1" 200 4482 "http://techmeup.co/teresa-colombi-ou-le-futur-de-lexperience-utilisateur/" "Mozilla/5.0 (X11; Linux x86_64) AppleWebKit/537.21 (KHTML, like Gecko) wpif Safari/537.21"
195.154.172.53 - - [09/Feb/2016:09:40:46 -0800] "GET /wp-content/themes/great/images/search.png HTTP/1.1" 200 1683 "http://techmeup.co/teresa-colombi-ou-le-futur-de-lexperience-utilisateur/" "Mozilla/5.0 (X11; Linux x86_64) AppleWebKit/537.21 (KHTML, like Gecko) wpif Safari/537.21"
195.154.209.237 - - [09/Feb/2016:09:40:47 -0800] "GET /wp-content/plugins/hupso-share-buttons-for-twitter-facebook-google/style.css?ver=4.1.1 HTTP/1.1" 200 416 "http://techmeup.co/le-talent-cache-de-jerome-petazzoni-tinkerer-extraordinaire-chez-docker-de-lart-du-code-a-la-musique/" "Mozilla/5.0 (X11; Linux x86_64) AppleWebKit/537.21 (KHTML, like Gecko) wpif Safari/537.21"
195.154.209.237 - - [09/Feb/2016:09:40:47 -0800] "GET /wp-content/plugins/wp-shortcode/css/wp-shortcode.css?ver=4.1.1 HTTP/1.1" 200 2050 "http://techmeup.co/le-talent-cache-de-jerome-petazzoni-tinkerer-extraordinaire-chez-docker-de-lart-du-code-a-la-musique/" "Mozilla/5.0 (X11; Linux x86_64) AppleWebKit/537.21 (KHTML, like Gecko) wpif Safari/537.21"
195.154.209.237 - - [09/Feb/2016:09:40:47 -0800] "GET /wp-content/uploads/2015/03/1-l57K-8uyN9ELuGbgcaItmw-1024x524.png HTTP/1.1" 200 190495 "http://techmeup.co/le-talent-cache-de-jerome-petazzoni-tinkerer-extraordinaire-chez-docker-de-lart-du-code-a-la-musique/" "Mozilla/5.0 (X11; Linux x86_64) AppleWebKit/537.21 (KHTML, like Gecko) wpif Safari/537.21"
195.154.209.237 - - [09/Feb/2016:09:40:47 -0800] "GET /wp-content/themes/great/images/search.png HTTP/1.1" 200 1683 "http://techmeup.co/le-talent-cache-de-jerome-petazzoni-tinkerer-extraordinaire-chez-docker-de-lart-du-code-a-la-musique/" "Mozilla/5.0 (X11; Linux x86_64) AppleWebKit/537.21 (KHTML, like Gecko) wpif Safari/537.21"
195.154.172.59 - - [09/Feb/2016:09:40:50 -0800] "GET /wp-content/plugins/hupso-share-buttons-for-twitter-facebook-google/style.css?ver=4.1.1 HTTP/1.1" 200 416 "http://techmeup.co/du-travail-pour-les-epoux-epouses-dimmigres-tech-aux-us/" "Mozilla/5.0 (X11; Linux x86_64) AppleWebKit/537.21 (KHTML, like Gecko) wpif Safari/537.21"
195.154.172.59 - - [09/Feb/2016:09:40:50 -0800] "GET /wordpress/wp-content/uploads/2015/02/logo-text1.png HTTP/1.1" 200 5144 "http://techmeup.co/du-travail-pour-les-epoux-epouses-dimmigres-tech-aux-us/" "Mozilla/5.0 (X11; Linux x86_64) AppleWebKit/537.21 (KHTML, like Gecko) wpif Safari/537.21"
195.154.172.59 - - [09/Feb/2016:09:40:50 -0800] "GET /wp-content/uploads/2014/04/tumblr_inline_n4pj44K9XI1sa6hof-50x50.jpg HTTP/1.1" 200 2400 "http://techmeup.co/du-travail-pour-les-epoux-epouses-dimmigres-tech-aux-us/" "Mozilla/5.0 (X11; Linux x86_64) AppleWebKit/537.21 (KHTML, like Gecko) wpif Safari/537.21"
195.154.172.59 - - [09/Feb/2016:09:40:50 -0800] "GET /wp-content/themes/great/images/search.png HTTP/1.1" 200 1683 "http://techmeup.co/du-travail-pour-les-epoux-epouses-dimmigres-tech-aux-us/" "Mozilla/5.0 (X11; Linux x86_64) AppleWebKit/537.21 (KHTML, like Gecko) wpif Safari/537.21"
195.154.172.53 - - [09/Feb/2016:09:40:51 -0800] "GET /wp-content/plugins/easy-twitter-feed-widget/easy-twitter-feed-widget.css?ver=4.1.1 HTTP/1.1" 200 505 "http://techmeup.co/le-talent-cache-dadrien-friggeri-data-scientist-chez-facebook-savoir-passer-du-code-a-la-maille/" "Mozilla/5.0 (X11; Linux x86_64) AppleWebKit/537.21 (KHTML, like Gecko) wpif Safari/537.21"
195.154.172.53 - - [09/Feb/2016:09:40:51 -0800] "GET /wp-content/uploads/2015/02/1620528_10152406520622652_278602715_n-300x300.jpg HTTP/1.1" 200 37377 "http://techmeup.co/le-talent-cache-dadrien-friggeri-data-scientist-chez-facebook-savoir-passer-du-code-a-la-maille/" "Mozilla/5.0 (X11; Linux x86_64) AppleWebKit/537.21 (KHTML, like Gecko) wpif Safari/537.21"
195.154.172.53 - - [09/Feb/2016:09:40:51 -0800] "GET /wp-content/uploads/2015/03/4N8A4857-50x50.jpg HTTP/1.1" 200 2472 "http://techmeup.co/le-talent-cache-dadrien-friggeri-data-scientist-chez-facebook-savoir-passer-du-code-a-la-maille/" "Mozilla/5.0 (X11; Linux x86_64) AppleWebKit/537.21 (KHTML, like Gecko) wpif Safari/537.21"
195.154.172.53 - - [09/Feb/2016:09:40:51 -0800] "GET /wp-content/themes/great/images/arrow.png HTTP/1.1" 200 437 "http://techmeup.co/le-talent-cache-dadrien-friggeri-data-scientist-chez-facebook-savoir-passer-du-code-a-la-maille/" "Mozilla/5.0 (X11; Linux x86_64) AppleWebKit/537.21 (KHTML, like Gecko) wpif Safari/537.21"
195.154.172.59 - - [09/Feb/2016:09:40:52 -0800] "GET /wp-content/plugins/easy-twitter-feed-widget/easy-twitter-feed-widget.css?ver=4.1.1 HTTP/1.1" 200 505 "http://techmeup.co/suivez-nous-sur-facebook-twitter-et-maintenant-linkedin/" "Mozilla/5.0 (X11; Linux x86_64) AppleWebKit/537.21 (KHTML, like Gecko) wpif Safari/537.21"
195.154.172.59 - - [09/Feb/2016:09:40:52 -0800] "GET /wordpress/wp-content/uploads/2015/02/logo-text1.png HTTP/1.1" 200 5144 "http://techmeup.co/suivez-nous-sur-facebook-twitter-et-maintenant-linkedin/" "Mozilla/5.0 (X11; Linux x86_64) AppleWebKit/537.21 (KHTML, like Gecko) wpif Safari/537.21"
195.154.172.59 - - [09/Feb/2016:09:40:52 -0800] "GET /wp-content/themes/great/images/arrow.png HTTP/1.1" 200 438 "http://techmeup.co/suivez-nous-sur-facebook-twitter-et-maintenant-linkedin/" "Mozilla/5.0 (X11; Linux x86_64) AppleWebKit/537.21 (KHTML, like Gecko) wpif Safari/537.21"
195.154.172.59 - - [09/Feb/2016:09:40:52 -0800] "GET /wp-content/uploads/2015/02/Hedge-Funds-and-Social-Media.jpg HTTP/1.1" 200 768386 "http://techmeup.co/suivez-nous-sur-facebook-twitter-et-maintenant-linkedin/" "Mozilla/5.0 (X11; Linux x86_64) AppleWebKit/537.21 (KHTML, like Gecko) wpif Safari/537.21"
195.154.233.224 - - [09/Feb/2016:09:40:53 -0800] "GET /wp-content/plugins/wp-shortcode/css/tipsy.css?ver=4.1.1 HTTP/1.1" 200 868 "http://techmeup.co/adieu-tumblr/" "Mozilla/5.0 (X11; Linux x86_64) AppleWebKit/537.21 (KHTML, like Gecko) wpif Safari/537.21"
195.154.233.224 - - [09/Feb/2016:09:40:53 -0800] "GET /wp-content/uploads/2015/02/Hedge-Funds-and-Social-Media-50x50.jpg HTTP/1.1" 200 1964 "http://techmeup.co/adieu-tumblr/" "Mozilla/5.0 (X11; Linux x86_64) AppleWebKit/537.21 (KHTML, like Gecko) wpif Safari/537.21"
195.154.233.224 - - [09/Feb/2016:09:40:53 -0800] "GET /wp-content/themes/great/images/linkedin.png HTTP/1.1" 200 4390 "http://techmeup.co/adieu-tumblr/" "Mozilla/5.0 (X11; Linux x86_64) AppleWebKit/537.21 (KHTML, like Gecko) wpif Safari/537.21"
130.0.236.153 - - [09/Feb/2016:09:42:20 -0800] "POST /xmlrpc.php HTTP/1.1" 200 456 "-" "Opera/9.80 (Windows NT 6.0) Presto/2.12.388 Version/12.14"
130.0.236.153 - - [09/Feb/2016:09:48:40 -0800] "POST /xmlrpc.php HTTP/1.1" 200 456 "-" "Opera/9.80 (Windows NT 6.0) Presto/2.12.388 Version/12.14"
80.12.43.142 - - [09/Feb/2016:09:49:59 -0800] "GET /wp-content/themes/great/js/modernizr.min.js HTTP/1.1" 200 6229 "http://techmeup.co/guillaume-charmes-meilleur-developpeur-du-monde/" "Mozilla/5.0 (X11; Linux x86_64) AppleWebKit/537.36 (KHTML, like Gecko) Ubuntu Chromium/48.0.2564.82 Chrome/48.0.2564.82 Safari/537.36"
80.12.43.142 - - [09/Feb/2016:09:49:59 -0800] "GET /wp-content/plugins/wp-shortcode/css/wp-shortcode.css?ver=4.1.1 HTTP/1.1" 200 2050 "http://techmeup.co/guillaume-charmes-meilleur-developpeur-du-monde/" "Mozilla/5.0 (X11; Linux x86_64) AppleWebKit/537.36 (KHTML, like Gecko) Ubuntu Chromium/48.0.2564.82 Chrome/48.0.2564.82 Safari/537.36"
80.12.43.142 - - [09/Feb/2016:09:49:59 -0800] "GET /wp-content/plugins/wp-shortcode/js/jquery.tipsy.js?ver=4.1.1 HTTP/1.1" 200 3065 "http://techmeup.co/guillaume-charmes-meilleur-developpeur-du-monde/" "Mozilla/5.0 (X11; Linux x86_64) AppleWebKit/537.36 (KHTML, like Gecko) Ubuntu Chromium/48.0.2564.82 Chrome/48.0.2564.82 Safari/537.36"
80.12.43.142 - - [09/Feb/2016:09:50:00 -0800] "GET /wp-content/plugins/easy-twitter-feed-widget/lib/js/widget-easy-twitter-feed-widget.js?ver=1.0 HTTP/1.1" 200 663 "http://techmeup.co/guillaume-charmes-meilleur-developpeur-du-monde/" "Mozilla/5.0 (X11; Linux x86_64) AppleWebKit/537.36 (KHTML, like Gecko) Ubuntu Chromium/48.0.2564.82 Chrome/48.0.2564.82 Safari/537.36"
80.12.43.142 - - [09/Feb/2016:09:50:03 -0800] "GET /wp-content/themes/great/images/facebook.png HTTP/1.1" 200 4285 "http://techmeup.co/wp-content/themes/great/style.css" "Mozilla/5.0 (X11; Linux x86_64) AppleWebKit/537.36 (KHTML, like Gecko) Ubuntu Chromium/48.0.2564.82 Chrome/48.0.2564.82 Safari/537.36"
80.12.43.142 - - [09/Feb/2016:09:50:04 -0800] "POST /wp-admin/admin-ajax.php HTTP/1.1" 200 592 "http://techmeup.co/guillaume-charmes-meilleur-developpeur-du-monde/" "Mozilla/5.0 (X11; Linux x86_64) AppleWebKit/537.36 (KHTML, like Gecko) Ubuntu Chromium/48.0.2564.82 Chrome/48.0.2564.82 Safari/537.36"
193.54.23.146 - - [09/Feb/2016:09:53:01 -0800] "GET /trouver-un-job-tech-a-san-francisco-ou-dans-la/ HTTP/1.1" 200 15536 "https://www.google.fr" "Mozilla/5.0 (Windows NT 10.0; WOW64; rv:43.0) Gecko/20100101 Firefox/43.0"
193.54.23.146 - - [09/Feb/2016:09:53:03 -0800] "GET /wp-content/plugins/hupso-share-buttons-for-twitter-facebook-google/style.css?ver=4.1.1 HTTP/1.1" 200 416 "http://techmeup.co/trouver-un-job-tech-a-san-francisco-ou-dans-la/" "Mozilla/5.0 (Windows NT 10.0; WOW64; rv:43.0) Gecko/20100101 Firefox/43.0"
193.54.23.146 - - [09/Feb/2016:09:53:03 -0800] "GET /wp-includes/js/jquery/jquery.js?ver=1.11.1 HTTP/1.1" 200 33587 "http://techmeup.co/trouver-un-job-tech-a-san-francisco-ou-dans-la/" "Mozilla/5.0 (Windows NT 10.0; WOW64; rv:43.0) Gecko/20100101 Firefox/43.0"
193.54.23.146 - - [09/Feb/2016:09:53:03 -0800] "GET /wp-content/plugins/easy-twitter-feed-widget/lib/js/widget-easy-twitter-feed-widget.js?ver=1.0 HTTP/1.1" 200 663 "http://techmeup.co/trouver-un-job-tech-a-san-francisco-ou-dans-la/" "Mozilla/5.0 (Windows NT 10.0; WOW64; rv:43.0) Gecko/20100101 Firefox/43.0"
193.54.23.146 - - [09/Feb/2016:09:53:04 -0800] "GET /wp-content/uploads/2015/01/tumblr_inline_niqsunAsTl1spe2e1-50x50.jpg HTTP/1.1" 200 2747 "http://techmeup.co/trouver-un-job-tech-a-san-francisco-ou-dans-la/" "Mozilla/5.0 (Windows NT 10.0; WOW64; rv:43.0) Gecko/20100101 Firefox/43.0"
193.54.23.146 - - [09/Feb/2016:09:53:05 -0800] "GET /wordpress/wp-content/uploads/2015/02/favico.png HTTP/1.1" 200 987 "-" "Mozilla/5.0 (Windows NT 10.0; WOW64; rv:43.0) Gecko/20100101 Firefox/43.0"
193.54.23.146 - - [09/Feb/2016:09:53:06 -0800] "GET /wp-content/themes/great/images/search.png HTTP/1.1" 200 1683 "http://techmeup.co/wp-content/themes/great/style.css" "Mozilla/5.0 (Windows NT 10.0; WOW64; rv:43.0) Gecko/20100101 Firefox/43.0"
198.58.102.96 - - [09/Feb/2016:09:55:28 -0800] "GET /rss HTTP/1.1" 304 219 "-" "Superfeedr bot/2.0 http://superfeedr.com - Make your feeds realtime: get in touch - feed-id:138292308"
192.241.154.80 - - [09/Feb/2016:10:01:35 -0800] "GET /feed/ HTTP/1.1" 304 182 "-" "NewsBlur Feed Fetcher - 4 subscribers - http://www.newsblur.com/site/5487666/techmeup-techmeup (Mozilla/5.0 (Macintosh; Intel Mac OS X 10_7_1) AppleWebKit/534.48.3 (KHTML, like Gecko) Version/5.1 Safari/534.48.3)"
130.0.236.153 - - [09/Feb/2016:10:03:22 -0800] "POST /xmlrpc.php HTTP/1.1" 200 456 "-" "Opera/9.80 (Windows NT 6.0) Presto/2.12.388 Version/12.14"
41.207.202.240 - - [09/Feb/2016:10:03:29 -0800] "GET /wp-content/uploads/2015/03/1-4hdrSSvSgHd6oa4AL5KK3Q.jpeg HTTP/1.1" 200 174731 "http://hnwatcher.com/silicon-valley/" "Mozilla/5.0 (Windows NT 6.1; WOW64) AppleWebKit/537.36 (KHTML, like Gecko) Chrome/47.0.2526.106 Safari/537.36"
198.58.102.95 - - [09/Feb/2016:10:03:32 -0800] "GET /rss HTTP/1.1" 304 219 "-" "Superfeedr bot/2.0 http://superfeedr.com - Make your feeds realtime: get in touch - feed-id:138292308"
41.207.202.240 - - [09/Feb/2016:10:05:23 -0800] "GET /wp-content/uploads/2015/03/1-l57K-8uyN9ELuGbgcaItmw-1024x524.png HTTP/1.1" 200 190495 "-" "Mozilla/4.0 (compatible; MSIE 7.0; Windows NT 6.1; WOW64; Trident/4.0; SLCC2; .NET CLR 2.0.50727; .NET CLR 3.5.30729; .NET CLR 3.0.30729; Media Center PC 6.0; .NET4.0C; .NET4.0E; InfoPath.3; ms-office; MSOffice 14)"
2.1.201.36 - - [09/Feb/2016:10:06:15 -0800] "GET /rss HTTP/1.1" 304 163 "http://techmeup.co/rss" "FreshRSS/1.0.0 (Linux; http://freshrss.org) SimplePie/1.4-dev-FreshRSS"
109.15.143.216 - - [09/Feb/2016:10:07:27 -0800] "GET /apple-touch-icon-precomposed.png HTTP/1.1" 404 4871 "-" "Safari/11601.4.4 CFNetwork/760.2.6 Darwin/15.3.0 (x86_64)"
109.15.143.216 - - [09/Feb/2016:10:07:39 -0800] "GET /apple-touch-icon-precomposed.png HTTP/1.1" 404 4871 "-" "Safari/11601.4.4 CFNetwork/760.2.6 Darwin/15.3.0 (x86_64)"
130.0.236.153 - - [09/Feb/2016:10:12:12 -0800] "POST /xmlrpc.php HTTP/1.1" 200 456 "-" "Opera/9.80 (Windows NT 6.0) Presto/2.12.388 Version/12.14"
80.215.158.236 - - [09/Feb/2016:10:15:58 -0800] "GET /wp-content/uploads/2015/06/sylvia.png HTTP/1.1" 200 803660 "-" "Mozilla/5.0 (iPhone; CPU iPhone OS 9_2 like Mac OS X) AppleWebKit/600.1.4 (KHTML, like Gecko) GSA/12.0.68608 Mobile/13C75 Safari/600.1.4"
198.58.103.160 - - [09/Feb/2016:10:20:26 -0800] "GET /rss HTTP/1.1" 304 219 "-" "Superfeedr bot/2.0 http://superfeedr.com - Make your feeds realtime: get in touch - feed-id:138292308"
66.249.69.137 - - [09/Feb/2016:10:24:28 -0800] "GET / HTTP/1.1" 200 7274 "-" "Mozilla/5.0 (compatible; Googlebot/2.1; +http://www.google.com/bot.html)"
2.12.177.82 - - [09/Feb/2016:10:27:38 -0800] "GET /trouver-un-job-tech-a-san-francisco-ou-dans-la HTTP/1.1" 301 442 "-" "Mozilla/5.0 (Macintosh; Intel Mac OS X 10_11_3) AppleWebKit/601.4.4 (KHTML, like Gecko)"
2.12.177.82 - - [09/Feb/2016:10:27:41 -0800] "GET /apple-touch-icon.png HTTP/1.1" 404 4871 "-" "Safari/11601.4.4 CFNetwork/760.2.6 Darwin/15.3.0 (x86_64)"
2.12.177.82 - - [09/Feb/2016:10:27:53 -0800] "GET /trouver-un-job-tech-a-san-francisco-ou-dans-la/apple-touch-icon.png HTTP/1.1" 404 4872 "-" "Safari/11601.4.4 CFNetwork/760.2.6 Darwin/15.3.0 (x86_64)"
130.0.236.153 - - [09/Feb/2016:10:30:04 -0800] "POST /xmlrpc.php HTTP/1.1" 200 456 "-" "Opera/9.80 (Windows NT 6.0) Presto/2.12.388 Version/12.14"
90.32.186.33 - - [09/Feb/2016:10:33:31 -0800] "GET /wp-content/plugins/easy-twitter-feed-widget/easy-twitter-feed-widget.css?ver=4.1.1 HTTP/1.1" 200 505 "http://techmeup.co/je-viens-chercher-mon-stage-dans-la-silicon-valley/" "Mozilla/5.0 (Windows NT 6.2; WOW64; rv:37.0) Gecko/20100101 Firefox/37.0"
90.32.186.33 - - [09/Feb/2016:10:33:32 -0800] "GET /wp-content/plugins/wp-shortcode/css/wp-shortcode.css?ver=4.1.1 HTTP/1.1" 200 2050 "http://techmeup.co/je-viens-chercher-mon-stage-dans-la-silicon-valley/" "Mozilla/5.0 (Windows NT 6.2; WOW64; rv:37.0) Gecko/20100101 Firefox/37.0"
90.32.186.33 - - [09/Feb/2016:10:33:32 -0800] "GET /wp-content/plugins/wp-shortcode/js/jquery.tipsy.js?ver=4.1.1 HTTP/1.1" 200 3065 "http://techmeup.co/je-viens-chercher-mon-stage-dans-la-silicon-valley/" "Mozilla/5.0 (Windows NT 6.2; WOW64; rv:37.0) Gecko/20100101 Firefox/37.0"
90.32.186.33 - - [09/Feb/2016:10:33:33 -0800] "GET /wp-content/plugins/disqus-comment-system/media/js/disqus.js?ver=4.1.1 HTTP/1.1" 200 1101 "http://techmeup.co/je-viens-chercher-mon-stage-dans-la-silicon-valley/" "Mozilla/5.0 (Windows NT 6.2; WOW64; rv:37.0) Gecko/20100101 Firefox/37.0"
90.32.186.33 - - [09/Feb/2016:10:33:36 -0800] "GET /wp-content/uploads/2015/01/tumblr_inline_niqsunAsTl1spe2e11-50x50.jpg HTTP/1.1" 200 2747 "http://techmeup.co/je-viens-chercher-mon-stage-dans-la-silicon-valley/" "Mozilla/5.0 (Windows NT 6.2; WOW64; rv:37.0) Gecko/20100101 Firefox/37.0"
90.32.186.33 - - [09/Feb/2016:10:33:38 -0800] "POST /wp-admin/admin-ajax.php HTTP/1.1" 200 503 "http://techmeup.co/je-viens-chercher-mon-stage-dans-la-silicon-valley/" "Mozilla/5.0 (Windows NT 6.2; WOW64; rv:37.0) Gecko/20100101 Firefox/37.0"
2.1.201.36 - - [09/Feb/2016:10:36:29 -0800] "GET /rss HTTP/1.1" 304 163 "http://techmeup.co/rss" "FreshRSS/1.0.0 (Linux; http://freshrss.org) SimplePie/1.4-dev-FreshRSS"
130.0.236.153 - - [09/Feb/2016:10:44:26 -0800] "POST /xmlrpc.php HTTP/1.1" 200 456 "-" "Opera/9.80 (Windows NT 6.0) Presto/2.12.388 Version/12.14"
130.0.236.153 - - [09/Feb/2016:10:50:17 -0800] "POST /xmlrpc.php HTTP/1.1" 200 456 "-" "Opera/9.80 (Windows NT 6.0) Presto/2.12.388 Version/12.14"
130.0.236.153 - - [09/Feb/2016:10:55:57 -0800] "POST /xmlrpc.php HTTP/1.1" 200 456 "-" "Opera/9.80 (Windows NT 6.0) Presto/2.12.388 Version/12.14"
198.58.103.92 - - [09/Feb/2016:11:03:00 -0800] "GET /rss HTTP/1.1" 304 219 "-" "Superfeedr bot/2.0 http://superfeedr.com - Make your feeds realtime: get in touch - feed-id:138292308"
62.210.142.23 - jez [09/Feb/2016:11:06:08 -0800] "GET /rss HTTP/1.1" 304 163 "http://jez:lumn0h3D@techmeup.co/rss" "FreshRSS/1.0.0 (Linux; http://freshrss.org) SimplePie/1.4-dev-FreshRSS"
66.249.69.73 - - [09/Feb/2016:11:10:17 -0800] "GET /le-talent-cache-de-jerome-petazzoni-tinkerer-extraordinaire-chez-docker-de-lart-du-code-a-la-musique/ HTTP/1.1" 200 9668 "-" "Mozilla/5.0 (compatible; Googlebot/2.1; +http://www.google.com/bot.html)"
132.211.90.115 - - [09/Feb/2016:11:12:44 -0800] "GET /du-travail-pour-les-epoux-epouses-dimmigres-tech-aux-us/ HTTP/1.1" 200 8584 "https://www.facebook.com" "Mozilla/5.0 (Macintosh; Intel Mac OS X 10.10; rv:44.0) Gecko/20100101 Firefox/44.0"
132.211.90.115 - - [09/Feb/2016:11:12:46 -0800] "GET /wp-content/plugins/hupso-share-buttons-for-twitter-facebook-google/style.css?ver=4.1.1 HTTP/1.1" 200 416 "http://techmeup.co/du-travail-pour-les-epoux-epouses-dimmigres-tech-aux-us/" "Mozilla/5.0 (Macintosh; Intel Mac OS X 10.10; rv:44.0) Gecko/20100101 Firefox/44.0"
132.211.90.115 - - [09/Feb/2016:11:12:46 -0800] "GET /wp-content/plugins/wp-shortcode/css/wp-shortcode.css?ver=4.1.1 HTTP/1.1" 200 2049 "http://techmeup.co/du-travail-pour-les-epoux-epouses-dimmigres-tech-aux-us/" "Mozilla/5.0 (Macintosh; Intel Mac OS X 10.10; rv:44.0) Gecko/20100101 Firefox/44.0"
132.211.90.115 - - [09/Feb/2016:11:12:46 -0800] "GET /wp-includes/js/jquery/jquery-migrate.min.js?ver=1.2.1 HTTP/1.1" 200 3421 "http://techmeup.co/du-travail-pour-les-epoux-epouses-dimmigres-tech-aux-us/" "Mozilla/5.0 (Macintosh; Intel Mac OS X 10.10; rv:44.0) Gecko/20100101 Firefox/44.0"
132.211.90.115 - - [09/Feb/2016:11:12:46 -0800] "GET /wp-content/plugins/disqus-comment-system/media/js/count.js?ver=4.1.1 HTTP/1.1" 200 776 "http://techmeup.co/du-travail-pour-les-epoux-epouses-dimmigres-tech-aux-us/" "Mozilla/5.0 (Macintosh; Intel Mac OS X 10.10; rv:44.0) Gecko/20100101 Firefox/44.0"
132.211.90.115 - - [09/Feb/2016:11:12:47 -0800] "GET /wordpress/wp-content/uploads/2015/02/logo-text1.png HTTP/1.1" 200 5143 "http://techmeup.co/du-travail-pour-les-epoux-epouses-dimmigres-tech-aux-us/" "Mozilla/5.0 (Macintosh; Intel Mac OS X 10.10; rv:44.0) Gecko/20100101 Firefox/44.0"
132.211.90.115 - - [09/Feb/2016:11:12:47 -0800] "GET /wp-content/themes/great/images/search.png HTTP/1.1" 200 1683 "http://techmeup.co/wp-content/themes/great/style.css" "Mozilla/5.0 (Macintosh; Intel Mac OS X 10.10; rv:44.0) Gecko/20100101 Firefox/44.0"
132.211.90.115 - - [09/Feb/2016:11:12:49 -0800] "GET /le-talent-cache-de-jerome-petazzoni-tinkerer-extraordinaire-chez-docker-de-lart-du-code-a-la-musique/ HTTP/1.1" 200 9687 "http://techmeup.co/du-travail-pour-les-epoux-epouses-dimmigres-tech-aux-us/" "Mozilla/5.0 (Macintosh; Intel Mac OS X 10.10; rv:44.0) Gecko/20100101 Firefox/44.0"
66.249.69.73 - - [09/Feb/2016:11:16:28 -0800] "GET / HTTP/1.1" 200 7274 "-" "Mozilla/5.0 (compatible; Googlebot/2.1; +http://www.google.com/bot.html)"
66.249.69.57 - - [09/Feb/2016:11:19:37 -0800] "GET /paul-duan-le-super-heros-de-la-data-science-pour/ HTTP/1.1" 200 10107 "-" "Mozilla/5.0 (compatible; Googlebot/2.1; +http://www.google.com/bot.html)"
160.33.66.122 - - [09/Feb/2016:11:20:02 -0800] "GET /wp-content/uploads/2015/03/1-9mRgHn-sBX_FQuA08m4kdA-300x225.jpeg HTTP/1.1" 304 189 "-" "Mozilla/4.0 (compatible;)"
130.0.236.153 - - [09/Feb/2016:11:23:02 -0800] "POST /xmlrpc.php HTTP/1.1" 200 456 "-" "Opera/9.80 (Windows NT 6.0) Presto/2.12.388 Version/12.14"
130.0.236.153 - - [09/Feb/2016:11:28:54 -0800] "POST /xmlrpc.php HTTP/1.1" 200 456 "-" "Opera/9.80 (Windows NT 6.0) Presto/2.12.388 Version/12.14"
88.185.95.106 - - [09/Feb/2016:11:30:54 -0800] "GET /wp-content/uploads/2015/03/1-9mRgHn-sBX_FQuA08m4kdA-1024x755.jpeg HTTP/1.1" 200 97501 "http://hnwatcher.com/silicon-valley/" "Mozilla/5.0 (iPhone; CPU iPhone OS 9_2_1 like Mac OS X) AppleWebKit/601.1.46 (KHTML, like Gecko) Version/9.0 Mobile/13D15 Safari/601.1"
88.185.95.106 - - [09/Feb/2016:11:30:56 -0800] "GET /wp-content/uploads/2015/03/Screenshot-2015-03-13-20.20.39-1024x165.png HTTP/1.1" 200 203835 "http://hnwatcher.com/silicon-valley/" "Mozilla/5.0 (iPhone; CPU iPhone OS 9_2_1 like Mac OS X) AppleWebKit/601.1.46 (KHTML, like Gecko) Version/9.0 Mobile/13D15 Safari/601.1"
207.46.13.29 - - [09/Feb/2016:11:34:16 -0800] "GET /tagged/robin-des-bois HTTP/1.1" 404 4872 "-" "Mozilla/5.0 (compatible; bingbot/2.0; +http://www.bing.com/bingbot.htm)"
192.99.150.96 - - [09/Feb/2016:11:36:02 -0800] "GET /feed/ HTTP/1.1" 200 63952 "-" "Filterly3-Argotic-Syndication-Framework/2008.0.2.0"
141.8.132.98 - - [09/Feb/2016:11:36:40 -0800] "GET /category/how-to/ HTTP/1.1" 200 6081 "-" "Mozilla/5.0 (compatible; YandexBot/3.0; +http://yandex.com/bots)"
141.8.132.98 - - [09/Feb/2016:11:36:45 -0800] "GET /category/usa/ HTTP/1.1" 200 7479 "-" "Mozilla/5.0 (compatible; YandexBot/3.0; +http://yandex.com/bots)"
141.8.132.98 - - [09/Feb/2016:11:36:50 -0800] "GET /category/europe/ HTTP/1.1" 200 7368 "-" "Mozilla/5.0 (compatible; YandexBot/3.0; +http://yandex.com/bots)"
141.8.132.98 - - [09/Feb/2016:11:36:55 -0800] "GET /category/la-rubrique-de-philippe-jeudy/ HTTP/1.1" 200 6860 "-" "Mozilla/5.0 (compatible; YandexBot/3.0; +http://yandex.com/bots)"
141.8.132.98 - - [09/Feb/2016:11:37:00 -0800] "GET /category/canada/ HTTP/1.1" 200 5228 "-" "Mozilla/5.0 (compatible; YandexBot/3.0; +http://yandex.com/bots)"
141.8.132.38 - - [09/Feb/2016:11:37:05 -0800] "GET /category/portraits/ HTTP/1.1" 200 7340 "-" "Mozilla/5.0 (compatible; YandexBot/3.0; +http://yandex.com/bots)"
141.8.132.38 - - [09/Feb/2016:11:37:08 -0800] "GET /category/usa/ HTTP/1.1" 200 7479 "-" "Mozilla/5.0 (compatible; YandexBot/3.0; +http://yandex.com/bots)"
141.8.132.38 - - [09/Feb/2016:11:37:13 -0800] "GET /category/portraits/ HTTP/1.1" 200 7340 "-" "Mozilla/5.0 (compatible; YandexBot/3.0; +http://yandex.com/bots)"
62.210.250.66 - - [09/Feb/2016:11:40:27 -0800] "POST /xmlrpc.php HTTP/1.1" 200 433 "http://hnwatcher.com/" "Mozilla/5.0 (Windows NT 10.0; WOW64) AppleWebKit/537.36 (KHTML, like Gecko) Chrome/46.0.2490.86 Safari/537.36"
209.133.111.211 - - [09/Feb/2016:11:46:49 -0800] "GET /robots.txt HTTP/1.1" 200 367 "-" "python-requests/2.2.1 CPython/2.7.3 Linux/3.2.0-56-generic"
130.0.236.153 - - [09/Feb/2016:11:49:56 -0800] "POST /xmlrpc.php HTTP/1.1" 200 456 "-" "Opera/9.80 (Windows NT 6.0) Presto/2.12.388 Version/12.14"
213.245.234.126 - - [09/Feb/2016:11:50:04 -0800] "GET /apple-touch-icon.png HTTP/1.1" 404 4872 "-" "Safari/11601.4.4 CFNetwork/760.2.6 Darwin/15.3.0 (x86_64)"
213.245.234.126 - - [09/Feb/2016:11:50:16 -0800] "GET /trouver-un-job-tech-a-san-francisco-ou-dans-la-silicon HTTP/1.1" 404 4871 "-" "Mozilla/5.0 (iPhone; CPU iPhone OS 9_1 like Mac OS X) AppleWebKit/601.1.46 (KHTML, like Gecko) Version/9.0 Mobile/13B143 Safari/601.1"
5.9.94.207 - - [09/Feb/2016:11:51:40 -0800] "GET / HTTP/1.1" 200 33403 "-" "Mozilla/5.0 (X11; Ubuntu; Linux i686; rv:15.0) Gecko/20100101 Firefox/15.0.1"
5.9.94.207 - - [09/Feb/2016:11:51:49 -0800] "GET /category/la-rubrique-de-philippe-jeudy/ HTTP/1.1" 200 29344 "-" "Mozilla/5.0 (Windows NT 5.1) AppleWebKit/537.36 (KHTML, like Gecko) Chrome/27.0.1453.94 Safari/537.36"
5.9.94.207 - - [09/Feb/2016:11:51:51 -0800] "GET /sylvia-gallusser-expatriee-aux-us-jaime-mon-pays-la-france-reviensleon/ HTTP/1.1" 200 28401 "-" "Mozilla/5.0 (Macintosh; Intel Mac OS X 10_7_5) AppleWebKit/537.31 (KHTML, like Gecko) Chrome/26.0.1410.65 Safari/537.31"
5.9.94.207 - - [09/Feb/2016:11:51:52 -0800] "GET /le-talent-cache-de-ludovic-copere-electron-libre-de-linnovation-a-sony-du-japon-au-tango/ HTTP/1.1" 200 30098 "-" "Mozilla/5.0 (X11; Ubuntu; Linux x86_64; rv:21.0) Gecko/20130331 Firefox/21.0"
5.9.94.207 - - [09/Feb/2016:11:51:53 -0800] "GET /2014/07/ HTTP/1.1" 200 23285 "-" "Mozilla/5.0 (X11; Ubuntu; Linux x86_64; rv:21.0) Gecko/20100101 Firefox/21.0"
5.9.94.207 - - [09/Feb/2016:11:51:54 -0800] "GET /2014/11/ HTTP/1.1" 200 22701 "-" "Mozilla/5.0 (Windows NT 6.1; rv:12.0) Gecko/ 20120405 Firefox/14.0.1"
5.9.94.207 - - [09/Feb/2016:11:52:03 -0800] "GET /impressum.htm HTTP/1.1" 404 15493 "-" "Mozilla/5.0 (Windows NT 6.1; WOW64) AppleWebKit/537.36 (KHTML, like Gecko) Chrome/43.0.2357.134 Safari/537.36"
5.9.94.207 - - [09/Feb/2016:11:52:04 -0800] "GET /imprint.htm HTTP/1.1" 404 15493 "-" "Mozilla/5.0 (Windows NT 6.1; WOW64; rv:21.0) Gecko/20130331 Firefox/21.0"
198.58.103.36 - - [09/Feb/2016:11:53:01 -0800] "GET /rss HTTP/1.1" 304 219 "-" "Superfeedr bot/2.0 http://superfeedr.com - Make your feeds realtime: get in touch - feed-id:138292308"
130.0.236.153 - - [09/Feb/2016:11:55:48 -0800] "POST /xmlrpc.php HTTP/1.1" 200 456 "-" "Opera/9.80 (Windows NT 6.0) Presto/2.12.388 Version/12.14"
198.58.102.117 - - [09/Feb/2016:12:00:54 -0800] "GET /rss HTTP/1.1" 304 219 "-" "Superfeedr bot/2.0 http://superfeedr.com - Make your feeds realtime: get in touch - feed-id:138292308"
130.0.236.153 - - [09/Feb/2016:12:04:31 -0800] "POST /xmlrpc.php HTTP/1.1" 200 456 "-" "Opera/9.80 (Windows NT 6.0) Presto/2.12.388 Version/12.14"
130.0.236.153 - - [09/Feb/2016:12:07:31 -0800] "POST /xmlrpc.php HTTP/1.1" 200 456 "-" "Opera/9.80 (Windows NT 6.0) Presto/2.12.388 Version/12.14"
141.212.122.177 - - [09/Feb/2016:12:11:19 -0800] "GET / HTTP/1.1" 200 33373 "-" "Mozilla/5.0 zgrab/0.x"
130.0.236.153 - - [09/Feb/2016:12:13:21 -0800] "POST /xmlrpc.php HTTP/1.1" 200 456 "-" "Opera/9.80 (Windows NT 6.0) Presto/2.12.388 Version/12.14"
207.241.229.148 - - [09/Feb/2016:12:17:21 -0800] "GET /comments/feed/ HTTP/1.0" 200 3020 "http://marryme-bridal.ru/" "Mozilla/5.0 (compatible; archive.org_bot +http://www.archive.org/details/archive.org_bot)"
62.210.250.66 - - [09/Feb/2016:12:17:40 -0800] "POST /xmlrpc.php HTTP/1.1" 200 433 "http://hnwatcher.com/" "Mozilla/5.0 (Windows NT 10.0; WOW64) AppleWebKit/537.36 (KHTML, like Gecko) Chrome/46.0.2490.86 Safari/537.36"
130.0.236.153 - - [09/Feb/2016:12:22:20 -0800] "POST /xmlrpc.php HTTP/1.1" 200 456 "-" "Opera/9.80 (Windows NT 6.0) Presto/2.12.388 Version/12.14"
62.210.250.66 - - [09/Feb/2016:12:27:07 -0800] "POST /xmlrpc.php HTTP/1.1" 200 433 "http://hnwatcher.com/" "Mozilla/5.0 (Windows NT 10.0; WOW64) AppleWebKit/537.36 (KHTML, like Gecko) Chrome/46.0.2490.86 Safari/537.36"
92.102.146.188 - - [09/Feb/2016:12:28:27 -0800] "GET /wp-content/themes/great/style.css HTTP/1.1" 200 7662 "http://techmeup.co/trouver-un-job-tech-a-san-francisco-ou-dans-la-silicon" "Mozilla/5.0 (Windows NT 6.3; WOW64) AppleWebKit/537.36 (KHTML, like Gecko) Chrome/48.0.2564.103 Safari/537.36"
92.102.146.188 - - [09/Feb/2016:12:28:27 -0800] "GET /wp-content/plugins/wp-shortcode/css/tipsy.css?ver=4.1.1 HTTP/1.1" 200 867 "http://techmeup.co/trouver-un-job-tech-a-san-francisco-ou-dans-la-silicon" "Mozilla/5.0 (Windows NT 6.3; WOW64) AppleWebKit/537.36 (KHTML, like Gecko) Chrome/48.0.2564.103 Safari/537.36"
92.102.146.188 - - [09/Feb/2016:12:28:27 -0800] "GET /wordpress/wp-content/uploads/2015/02/logo-text1.png HTTP/1.1" 200 5144 "http://techmeup.co/trouver-un-job-tech-a-san-francisco-ou-dans-la-silicon" "Mozilla/5.0 (Windows NT 6.3; WOW64) AppleWebKit/537.36 (KHTML, like Gecko) Chrome/48.0.2564.103 Safari/537.36"
92.102.146.188 - - [09/Feb/2016:12:28:27 -0800] "GET /wp-content/plugins/disqus-comment-system/media/js/count.js?ver=4.1.1 HTTP/1.1" 200 776 "http://techmeup.co/trouver-un-job-tech-a-san-francisco-ou-dans-la-silicon" "Mozilla/5.0 (Windows NT 6.3; WOW64) AppleWebKit/537.36 (KHTML, like Gecko) Chrome/48.0.2564.103 Safari/537.36"
92.102.146.188 - - [09/Feb/2016:12:28:28 -0800] "GET /wp-content/themes/great/images/linkedin.png HTTP/1.1" 200 4390 "http://techmeup.co/wp-content/themes/great/style.css" "Mozilla/5.0 (Windows NT 6.3; WOW64) AppleWebKit/537.36 (KHTML, like Gecko) Chrome/48.0.2564.103 Safari/537.36"
130.0.236.153 - - [09/Feb/2016:12:28:36 -0800] "POST /xmlrpc.php HTTP/1.1" 200 456 "-" "Opera/9.80 (Windows NT 6.0) Presto/2.12.388 Version/12.14"
130.0.236.153 - - [09/Feb/2016:12:31:30 -0800] "POST /xmlrpc.php HTTP/1.1" 200 456 "-" "Opera/9.80 (Windows NT 6.0) Presto/2.12.388 Version/12.14"
207.241.237.220 - - [09/Feb/2016:12:33:56 -0800] "GET /wp-content/uploads/2015/06/unnamed-300x225.jpg HTTP/1.0" 200 25153 "http://marryme-bridal.ru/" "Mozilla/5.0 (compatible; archive.org_bot +http://www.archive.org/details/archive.org_bot)"
88.177.229.97 - - [09/Feb/2016:12:35:20 -0800] "GET /wp-content/themes/great/js/modernizr.min.js HTTP/1.1" 200 6229 "http://techmeup.co/paul-duan-le-super-heros-de-la-data-science-pour/" "Mozilla/5.0 (Windows NT 10.0; WOW64) AppleWebKit/537.36 (KHTML, like Gecko) Chrome/48.0.2564.103 Safari/537.36"
88.177.229.97 - - [09/Feb/2016:12:35:20 -0800] "GET /wp-content/plugins/wp-shortcode/css/tipsy.css?ver=4.1.1 HTTP/1.1" 200 868 "http://techmeup.co/paul-duan-le-super-heros-de-la-data-science-pour/" "Mozilla/5.0 (Windows NT 10.0; WOW64) AppleWebKit/537.36 (KHTML, like Gecko) Chrome/48.0.2564.103 Safari/537.36"
88.177.229.97 - - [09/Feb/2016:12:35:20 -0800] "GET /wp-includes/js/jquery/jquery.js?ver=1.11.1 HTTP/1.1" 200 33587 "http://techmeup.co/paul-duan-le-super-heros-de-la-data-science-pour/" "Mozilla/5.0 (Windows NT 10.0; WOW64) AppleWebKit/537.36 (KHTML, like Gecko) Chrome/48.0.2564.103 Safari/537.36"
88.177.229.97 - - [09/Feb/2016:12:35:20 -0800] "GET /wp-includes/js/comment-reply.min.js?ver=4.1.1 HTTP/1.1" 200 757 "http://techmeup.co/paul-duan-le-super-heros-de-la-data-science-pour/" "Mozilla/5.0 (Windows NT 10.0; WOW64) AppleWebKit/537.36 (KHTML, like Gecko) Chrome/48.0.2564.103 Safari/537.36"
88.177.229.97 - - [09/Feb/2016:12:35:20 -0800] "GET /wp-content/uploads/2014/07/tumblr_inline_n81d6jwEIM1sygmpd-50x50.jpg HTTP/1.1" 200 2055 "http://techmeup.co/paul-duan-le-super-heros-de-la-data-science-pour/" "Mozilla/5.0 (Windows NT 10.0; WOW64) AppleWebKit/537.36 (KHTML, like Gecko) Chrome/48.0.2564.103 Safari/537.36"
88.177.229.97 - - [09/Feb/2016:12:35:20 -0800] "GET /wp-content/themes/great/images/linkedin.png HTTP/1.1" 200 4390 "http://techmeup.co/wp-content/themes/great/style.css" "Mozilla/5.0 (Windows NT 10.0; WOW64) AppleWebKit/537.36 (KHTML, like Gecko) Chrome/48.0.2564.103 Safari/537.36"
88.177.229.97 - - [09/Feb/2016:12:35:22 -0800] "GET /wordpress/wp-content/uploads/2015/02/favico.png HTTP/1.1" 200 986 "http://techmeup.co/paul-duan-le-super-heros-de-la-data-science-pour/" "Mozilla/5.0 (Windows NT 10.0; WOW64) AppleWebKit/537.36 (KHTML, like Gecko) Chrome/48.0.2564.103 Safari/537.36"
62.210.250.66 - - [09/Feb/2016:12:36:28 -0800] "POST /xmlrpc.php HTTP/1.1" 200 433 "http://hnwatcher.com/" "Mozilla/5.0 (Windows NT 10.0; WOW64) AppleWebKit/537.36 (KHTML, like Gecko) Chrome/46.0.2490.86 Safari/537.36"
130.0.236.153 - - [09/Feb/2016:12:40:16 -0800] "POST /xmlrpc.php HTTP/1.1" 200 456 "-" "Opera/9.80 (Windows NT 6.0) Presto/2.12.388 Version/12.14"
78.231.13.152 - - [09/Feb/2016:12:42:46 -0800] "GET /wp-content/themes/great/style.css HTTP/1.1" 200 7662 "http://techmeup.co/rostom-cheikh-aissa-de-gdf-suez-complexity-is/" "Mozilla/5.0 (Macintosh; Intel Mac OS X 10_10_4) AppleWebKit/600.7.12 (KHTML, like Gecko) Version/8.0.7 Safari/600.7.12"
78.231.13.152 - - [09/Feb/2016:12:42:46 -0800] "GET /wp-content/plugins/easy-twitter-feed-widget/easy-twitter-feed-widget.css?ver=4.1.1 HTTP/1.1" 200 505 "http://techmeup.co/rostom-cheikh-aissa-de-gdf-suez-complexity-is/" "Mozilla/5.0 (Macintosh; Intel Mac OS X 10_10_4) AppleWebKit/600.7.12 (KHTML, like Gecko) Version/8.0.7 Safari/600.7.12"
78.231.13.152 - - [09/Feb/2016:12:42:47 -0800] "GET /wp-includes/js/jquery/jquery-migrate.min.js?ver=1.2.1 HTTP/1.1" 200 3421 "http://techmeup.co/rostom-cheikh-aissa-de-gdf-suez-complexity-is/" "Mozilla/5.0 (Macintosh; Intel Mac OS X 10_10_4) AppleWebKit/600.7.12 (KHTML, like Gecko) Version/8.0.7 Safari/600.7.12"
78.231.13.152 - - [09/Feb/2016:12:42:47 -0800] "GET /wp-includes/js/comment-reply.min.js?ver=4.1.1 HTTP/1.1" 200 757 "http://techmeup.co/rostom-cheikh-aissa-de-gdf-suez-complexity-is/" "Mozilla/5.0 (Macintosh; Intel Mac OS X 10_10_4) AppleWebKit/600.7.12 (KHTML, like Gecko) Version/8.0.7 Safari/600.7.12"
78.231.13.152 - - [09/Feb/2016:12:42:47 -0800] "GET /wp-content/themes/great/images/linkedin.png HTTP/1.1" 200 4390 "http://techmeup.co/rostom-cheikh-aissa-de-gdf-suez-complexity-is/" "Mozilla/5.0 (Macintosh; Intel Mac OS X 10_10_4) AppleWebKit/600.7.12 (KHTML, like Gecko) Version/8.0.7 Safari/600.7.12"
78.231.13.152 - - [09/Feb/2016:12:42:47 -0800] "GET /wordpress/wp-content/uploads/2015/02/logo-text1.png HTTP/1.1" 200 5144 "http://techmeup.co/rostom-cheikh-aissa-de-gdf-suez-complexity-is/" "Mozilla/5.0 (Macintosh; Intel Mac OS X 10_10_4) AppleWebKit/600.7.12 (KHTML, like Gecko) Version/8.0.7 Safari/600.7.12"
130.0.236.153 - - [09/Feb/2016:12:43:13 -0800] "POST /xmlrpc.php HTTP/1.1" 200 456 "-" "Opera/9.80 (Windows NT 6.0) Presto/2.12.388 Version/12.14"
46.118.116.135 - - [09/Feb/2016:12:48:56 -0800] "GET /steeve-morin-de-google-a-lentreprenariat/ HTTP/1.1" 200 29442 "http://pornodojd.ru/" "Opera/7.11 (Windows NT 5.1; U) [en]"
62.210.250.66 - - [09/Feb/2016:12:49:06 -0800] "POST /xmlrpc.php HTTP/1.1" 200 433 "http://hnwatcher.com/" "Mozilla/5.0 (Windows NT 10.0; WOW64) AppleWebKit/537.36 (KHTML, like Gecko) Chrome/46.0.2490.86 Safari/537.36"
95.65.34.177 - - [09/Feb/2016:12:52:00 -0800] "GET / HTTP/1.0" 200 29209 "-" "Opera/9.80 (X11; Linux x86_64) Presto/2.12.388 Version/12.16"
82.243.21.14 - - [09/Feb/2016:12:53:56 -0800] "GET /trouver-un-job-tech-a-san-francisco-ou-dans-la/ HTTP/1.1" 200 15494 "https://www.google.fr/" "Mozilla/5.0 (Windows NT 6.3; WOW64) AppleWebKit/537.36 (KHTML, like Gecko) Chrome/48.0.2564.103 Safari/537.36"
82.243.21.14 - - [09/Feb/2016:12:53:59 -0800] "GET /wp-content/plugins/hupso-share-buttons-for-twitter-facebook-google/style.css?ver=4.1.1 HTTP/1.1" 200 416 "http://techmeup.co/trouver-un-job-tech-a-san-francisco-ou-dans-la/" "Mozilla/5.0 (Windows NT 6.3; WOW64) AppleWebKit/537.36 (KHTML, like Gecko) Chrome/48.0.2564.103 Safari/537.36"
82.243.21.14 - - [09/Feb/2016:12:53:59 -0800] "GET /wp-includes/js/jquery/jquery.js?ver=1.11.1 HTTP/1.1" 200 33586 "http://techmeup.co/trouver-un-job-tech-a-san-francisco-ou-dans-la/" "Mozilla/5.0 (Windows NT 6.3; WOW64) AppleWebKit/537.36 (KHTML, like Gecko) Chrome/48.0.2564.103 Safari/537.36"
82.243.21.14 - - [09/Feb/2016:12:53:59 -0800] "GET /wordpress/wp-content/uploads/2015/02/logo-text1.png HTTP/1.1" 200 5144 "http://techmeup.co/trouver-un-job-tech-a-san-francisco-ou-dans-la/" "Mozilla/5.0 (Windows NT 6.3; WOW64) AppleWebKit/537.36 (KHTML, like Gecko) Chrome/48.0.2564.103 Safari/537.36"
82.243.21.14 - - [09/Feb/2016:12:53:59 -0800] "GET /wp-content/plugins/disqus-comment-system/media/js/count.js?ver=4.1.1 HTTP/1.1" 200 776 "http://techmeup.co/trouver-un-job-tech-a-san-francisco-ou-dans-la/" "Mozilla/5.0 (Windows NT 6.3; WOW64) AppleWebKit/537.36 (KHTML, like Gecko) Chrome/48.0.2564.103 Safari/537.36"
82.243.21.14 - - [09/Feb/2016:12:54:00 -0800] "GET /wp-content/themes/great/images/twitter.png HTTP/1.1" 200 4482 "http://techmeup.co/wp-content/themes/great/style.css" "Mozilla/5.0 (Windows NT 6.3; WOW64) AppleWebKit/537.36 (KHTML, like Gecko) Chrome/48.0.2564.103 Safari/537.36"
82.243.21.14 - - [09/Feb/2016:12:54:00 -0800] "POST /wp-admin/admin-ajax.php HTTP/1.1" 200 592 "http://techmeup.co/trouver-un-job-tech-a-san-francisco-ou-dans-la/" "Mozilla/5.0 (Windows NT 6.3; WOW64) AppleWebKit/537.36 (KHTML, like Gecko) Chrome/48.0.2564.103 Safari/537.36"
130.0.236.153 - - [09/Feb/2016:12:54:52 -0800] "POST /xmlrpc.php HTTP/1.1" 200 456 "-" "Opera/9.80 (Windows NT 6.0) Presto/2.12.388 Version/12.14"
